This is pdfTeX, Version 3.141592653-2.6-1.40.28 (MiKTeX 25.12) (preloaded format=pdflatex 2026.7.8)  15 JUL 2026 21:33
entering extended mode
 restricted \write18 enabled.
 %&-line parsing enabled.
**./main.tex
(main.tex
LaTeX2e <2025-11-01>
L3 programming layer <2025-12-24>
(C:\Users\ASUS\AppData\Local\Programs\MiKTeX\tex/latex/base\article.cls
Document Class: article 2025/01/22 v1.4n Standard LaTeX document class
(C:\Users\ASUS\AppData\Local\Programs\MiKTeX\tex/latex/base\size10.clo
File: size10.clo 2025/01/22 v1.4n Standard LaTeX file (size option)
)
\c@part=\count275
\c@section=\count276
\c@subsection=\count277
\c@subsubsection=\count278
\c@paragraph=\count279
\c@subparagraph=\count280
\c@figure=\count281
\c@table=\count282
\abovecaptionskip=\skip49
\belowcaptionskip=\skip50
\bibindent=\dimen148
)
(tmlr.sty
(C:\Users\ASUS\AppData\Local\Programs\MiKTeX\tex/latex/eso-pic\eso-pic.sty
Package: eso-pic 2026/05/31 v3.0e eso-pic (RN)
\ESO@tempdima=\dimen149
\ESO@tempdimb=\dimen150

(C:\Users\ASUS\AppData\Local\Programs\MiKTeX\tex/latex/graphics\keyval.sty
Package: keyval 2022/05/29 v1.15 key=value parser (DPC)
\KV@toks@=\toks17
)
(C:\Users\ASUS\AppData\Local\Programs\MiKTeX\tex/latex/xcolor\xcolor.sty
Package: xcolor 2024/09/29 v3.02 LaTeX color extensions (UK)

(C:\Users\ASUS\AppData\Local\Programs\MiKTeX\tex/latex/graphics-cfg\color.cfg
File: color.cfg 2016/01/02 v1.6 sample color configuration
)
Package xcolor Info: Driver file: pdftex.def on input line 274.

(C:\Users\ASUS\AppData\Local\Programs\MiKTeX\tex/latex/graphics-def\pdftex.def
File: pdftex.def 2025/09/29 v1.2d Graphics/color driver for pdftex
) (C:\Users\ASUS\AppData\Local\Programs\MiKTeX\tex/latex/graphics\mathcolor.ltx
)
Package xcolor Info: Model `cmy' substituted by `cmy0' on input line 1349.
Package xcolor Info: Model `hsb' substituted by `rgb' on input line 1353.
Package xcolor Info: Model `RGB' extended on input line 1365.
Package xcolor Info: Model `HTML' substituted by `rgb' on input line 1367.
Package xcolor Info: Model `Hsb' substituted by `hsb' on input line 1368.
Package xcolor Info: Model `tHsb' substituted by `hsb' on input line 1369.
Package xcolor Info: Model `HSB' substituted by `hsb' on input line 1370.
Package xcolor Info: Model `Gray' substituted by `gray' on input line 1371.
Package xcolor Info: Model `wave' substituted by `hsb' on input line 1372.
)) (fancyhdr.sty
Package: fancyhdr 2021/01/28 v4.0.1 Extensive control of page headers and foote
rs
\f@nch@headwidth=\skip51
\f@nch@O@elh=\skip52
\f@nch@O@erh=\skip53
\f@nch@O@olh=\skip54
\f@nch@O@orh=\skip55
\f@nch@O@elf=\skip56
\f@nch@O@erf=\skip57
\f@nch@O@olf=\skip58
\f@nch@O@orf=\skip59
)
(C:\Users\ASUS\AppData\Local\Programs\MiKTeX\tex/latex/natbib\natbib.sty
Package: natbib 2010/09/13 8.31b (PWD, AO)
\bibhang=\skip60
\bibsep=\skip61
LaTeX Info: Redefining \cite on input line 694.
\c@NAT@ctr=\count283
)
(C:\Users\ASUS\AppData\Local\Programs\MiKTeX\tex/latex/base\fontenc.sty
Package: fontenc 2025/07/18 v2.1d Standard LaTeX package
)
(C:\Users\ASUS\AppData\Local\Programs\MiKTeX\tex/latex/lm\lmodern.sty
Package: lmodern 2015/05/01 v1.6.1 Latin Modern Fonts
LaTeX Font Info:    Overwriting symbol font `operators' in version `normal'
(Font)                  OT1/cmr/m/n --> OT1/lmr/m/n on input line 22.
LaTeX Font Info:    Overwriting symbol font `letters' in version `normal'
(Font)                  OML/cmm/m/it --> OML/lmm/m/it on input line 23.
LaTeX Font Info:    Overwriting symbol font `symbols' in version `normal'
(Font)                  OMS/cmsy/m/n --> OMS/lmsy/m/n on input line 24.
LaTeX Font Info:    Overwriting symbol font `largesymbols' in version `normal'
(Font)                  OMX/cmex/m/n --> OMX/lmex/m/n on input line 25.
LaTeX Font Info:    Overwriting symbol font `operators' in version `bold'
(Font)                  OT1/cmr/bx/n --> OT1/lmr/bx/n on input line 26.
LaTeX Font Info:    Overwriting symbol font `letters' in version `bold'
(Font)                  OML/cmm/b/it --> OML/lmm/b/it on input line 27.
LaTeX Font Info:    Overwriting symbol font `symbols' in version `bold'
(Font)                  OMS/cmsy/b/n --> OMS/lmsy/b/n on input line 28.
LaTeX Font Info:    Overwriting symbol font `largesymbols' in version `bold'
(Font)                  OMX/cmex/m/n --> OMX/lmex/m/n on input line 29.
LaTeX Font Info:    Overwriting math alphabet `\mathbf' in version `normal'
(Font)                  OT1/cmr/bx/n --> OT1/lmr/bx/n on input line 31.
LaTeX Font Info:    Overwriting math alphabet `\mathsf' in version `normal'
(Font)                  OT1/cmss/m/n --> OT1/lmss/m/n on input line 32.
LaTeX Font Info:    Overwriting math alphabet `\mathit' in version `normal'
(Font)                  OT1/cmr/m/it --> OT1/lmr/m/it on input line 33.
LaTeX Font Info:    Overwriting math alphabet `\mathtt' in version `normal'
(Font)                  OT1/cmtt/m/n --> OT1/lmtt/m/n on input line 34.
LaTeX Font Info:    Overwriting math alphabet `\mathbf' in version `bold'
(Font)                  OT1/cmr/bx/n --> OT1/lmr/bx/n on input line 35.
LaTeX Font Info:    Overwriting math alphabet `\mathsf' in version `bold'
(Font)                  OT1/cmss/bx/n --> OT1/lmss/bx/n on input line 36.
LaTeX Font Info:    Overwriting math alphabet `\mathit' in version `bold'
(Font)                  OT1/cmr/bx/it --> OT1/lmr/bx/it on input line 37.
LaTeX Font Info:    Overwriting math alphabet `\mathtt' in version `bold'
(Font)                  OT1/cmtt/m/n --> OT1/lmtt/m/n on input line 38.
)
\aftertitskip=\skip62
\beforetitskip=\skip63
\interauthorskip=\skip64
\aftermaketitskip=\skip65
)
(math_commands.tex
(C:\Users\ASUS\AppData\Local\Programs\MiKTeX\tex/latex/amsmath\amsmath.sty
Package: amsmath 2025/07/09 v2.17z AMS math features
\@mathmargin=\skip66

For additional information on amsmath, use the `?' option.
(C:\Users\ASUS\AppData\Local\Programs\MiKTeX\tex/latex/amsmath\amstext.sty
Package: amstext 2024/11/17 v2.01 AMS text

(C:\Users\ASUS\AppData\Local\Programs\MiKTeX\tex/latex/amsmath\amsgen.sty
File: amsgen.sty 1999/11/30 v2.0 generic functions
\@emptytoks=\toks18
\ex@=\dimen151
))
(C:\Users\ASUS\AppData\Local\Programs\MiKTeX\tex/latex/amsmath\amsbsy.sty
Package: amsbsy 1999/11/29 v1.2d Bold Symbols
\pmbraise@=\dimen152
)
(C:\Users\ASUS\AppData\Local\Programs\MiKTeX\tex/latex/amsmath\amsopn.sty
Package: amsopn 2022/04/08 v2.04 operator names
)
\inf@bad=\count284
LaTeX Info: Redefining \frac on input line 233.
\uproot@=\count285
\leftroot@=\count286
LaTeX Info: Redefining \overline on input line 398.
LaTeX Info: Redefining \colon on input line 409.
\classnum@=\count287
\DOTSCASE@=\count288
LaTeX Info: Redefining \ldots on input line 495.
LaTeX Info: Redefining \dots on input line 498.
LaTeX Info: Redefining \cdots on input line 619.
\Mathstrutbox@=\box53
\strutbox@=\box54
LaTeX Info: Redefining \big on input line 721.
LaTeX Info: Redefining \Big on input line 722.
LaTeX Info: Redefining \bigg on input line 723.
LaTeX Info: Redefining \Bigg on input line 724.
\big@size=\dimen153
LaTeX Font Info:    Redeclaring font encoding OML on input line 742.
LaTeX Font Info:    Redeclaring font encoding OMS on input line 743.
\macc@depth=\count289
LaTeX Info: Redefining \bmod on input line 904.
LaTeX Info: Redefining \pmod on input line 909.
LaTeX Info: Redefining \smash on input line 939.
LaTeX Info: Redefining \relbar on input line 969.
LaTeX Info: Redefining \Relbar on input line 970.
\c@MaxMatrixCols=\count290
\dotsspace@=\muskip17
\c@parentequation=\count291
\dspbrk@lvl=\count292
\tag@help=\toks19
\row@=\count293
\column@=\count294
\maxfields@=\count295
\andhelp@=\toks20
\eqnshift@=\dimen154
\alignsep@=\dimen155
\tagshift@=\dimen156
\tagwidth@=\dimen157
\totwidth@=\dimen158
\lineht@=\dimen159
\@envbody=\toks21
\multlinegap=\skip67
\multlinetaggap=\skip68
\mathdisplay@stack=\toks22
LaTeX Info: Redefining \[ on input line 2950.
LaTeX Info: Redefining \] on input line 2951.
)
(C:\Users\ASUS\AppData\Local\Programs\MiKTeX\tex/latex/amsfonts\amsfonts.sty
Package: amsfonts 2013/01/14 v3.01 Basic AMSFonts support
\symAMSa=\mathgroup4
\symAMSb=\mathgroup5
LaTeX Font Info:    Redeclaring math symbol \hbar on input line 98.
LaTeX Font Info:    Overwriting math alphabet `\mathfrak' in version `bold'
(Font)                  U/euf/m/n --> U/euf/b/n on input line 106.
)
(C:\Users\ASUS\AppData\Local\Programs\MiKTeX\tex/latex/tools\bm.sty
Package: bm 2025/10/21 v1.2g Bold Symbol Support (DPC/FMi)
\symboldoperators=\mathgroup6
\symboldletters=\mathgroup7
\symboldsymbols=\mathgroup8
Package bm Info: No bold for \OMX/lmex/m/n, using \pmb.
Package bm Info: No bold for \U/msa/m/n, using \pmb.
Package bm Info: No bold for \U/msb/m/n, using \pmb.
LaTeX Font Info:    Redeclaring math alphabet \mathbf on input line 149.
)
LaTeX Font Info:    Overwriting math alphabet `\mathsfit' in version `bold'
(Font)                  T1/lmss/m/sl --> T1/lmss/bx/n on input line 314.
)
(C:\Users\ASUS\AppData\Local\Programs\MiKTeX\tex/latex/hyperref\hyperref.sty
Package: hyperref 2025-07-12 v7.01o Hypertext links for LaTeX

(C:\Users\ASUS\AppData\Local\Programs\MiKTeX\tex/generic/iftex\iftex.sty
Package: iftex 2024/12/12 v1.0g TeX engine tests
)
(C:\Users\ASUS\AppData\Local\Programs\MiKTeX\tex/latex/kvsetkeys\kvsetkeys.sty
Package: kvsetkeys 2022-10-05 v1.19 Key value parser (HO)
)
(C:\Users\ASUS\AppData\Local\Programs\MiKTeX\tex/generic/kvdefinekeys\kvdefinek
eys.sty
Package: kvdefinekeys 2019-12-19 v1.6 Define keys (HO)
)
(C:\Users\ASUS\AppData\Local\Programs\MiKTeX\tex/generic/pdfescape\pdfescape.st
y
Package: pdfescape 2019/12/09 v1.15 Implements pdfTeX's escape features (HO)
 (C:\Users\ASUS\AppData\Local\Programs\MiKTeX\tex/generic/ltxcmds\ltxcmds.sty
Package: ltxcmds 2023-12-04 v1.26 LaTeX kernel commands for general use (HO)
)
(C:\Users\ASUS\AppData\Local\Programs\MiKTeX\tex/generic/pdftexcmds\pdftexcmds.
sty
Package: pdftexcmds 2020-06-27 v0.33 Utility functions of pdfTeX for LuaTeX (HO
)

(C:\Users\ASUS\AppData\Local\Programs\MiKTeX\tex/generic/infwarerr\infwarerr.st
y
Package: infwarerr 2019/12/03 v1.5 Providing info/warning/error messages (HO)
)
Package pdftexcmds Info: \pdf@primitive is available.
Package pdftexcmds Info: \pdf@ifprimitive is available.
Package pdftexcmds Info: \pdfdraftmode found.
)) (C:\Users\ASUS\AppData\Local\Programs\MiKTeX\tex/latex/hycolor\hycolor.sty
Package: hycolor 2020-01-27 v1.10 Color options for hyperref/bookmark (HO)
) (C:\Users\ASUS\AppData\Local\Programs\MiKTeX\tex/latex/hyperref\nameref.sty
Package: nameref 2025-06-21 v2.57 Cross-referencing by name of section

(C:\Users\ASUS\AppData\Local\Programs\MiKTeX\tex/latex/refcount\refcount.sty
Package: refcount 2019/12/15 v3.6 Data extraction from label references (HO)
)
(C:\Users\ASUS\AppData\Local\Programs\MiKTeX\tex/generic/gettitlestring\gettitl
estring.sty
Package: gettitlestring 2019/12/15 v1.6 Cleanup title references (HO)

(C:\Users\ASUS\AppData\Local\Programs\MiKTeX\tex/latex/kvoptions\kvoptions.sty
Package: kvoptions 2022-06-15 v3.15 Key value format for package options (HO)
))
\c@section@level=\count296
) (C:\Users\ASUS\AppData\Local\Programs\MiKTeX\tex/latex/etoolbox\etoolbox.sty
Package: etoolbox 2025/10/02 v2.5m e-TeX tools for LaTeX (JAW)
\etb@tempcnta=\count297
)
(C:\Users\ASUS\AppData\Local\Programs\MiKTeX\tex/generic/stringenc\stringenc.st
y
Package: stringenc 2019/11/29 v1.12 Convert strings between diff. encodings (HO
)
)
\@linkdim=\dimen160
\Hy@linkcounter=\count298
\Hy@pagecounter=\count299
 (C:\Users\ASUS\AppData\Local\Programs\MiKTeX\tex/latex/hyperref\pd1enc.def
File: pd1enc.def 2025-07-12 v7.01o Hyperref: PDFDocEncoding definition (HO)
Now handling font encoding PD1 ...
... no UTF-8 mapping file for font encoding PD1
)
(C:\Users\ASUS\AppData\Local\Programs\MiKTeX\tex/generic/intcalc\intcalc.sty
Package: intcalc 2019/12/15 v1.3 Expandable calculations with integers (HO)
)
\Hy@SavedSpaceFactor=\count300

(C:\Users\ASUS\AppData\Local\Programs\MiKTeX\tex/latex/hyperref\puenc.def
File: puenc.def 2025-07-12 v7.01o Hyperref: PDF Unicode definition (HO)
Now handling font encoding PU ...
... no UTF-8 mapping file for font encoding PU
)
Package hyperref Info: Hyper figures OFF on input line 4195.
Package hyperref Info: Link nesting OFF on input line 4200.
Package hyperref Info: Hyper index ON on input line 4203.
Package hyperref Info: Plain pages OFF on input line 4210.
Package hyperref Info: Backreferencing OFF on input line 4215.
Package hyperref Info: Implicit mode ON; LaTeX internals redefined.
Package hyperref Info: Bookmarks ON on input line 4462.
\c@Hy@tempcnt=\count301

(C:\Users\ASUS\AppData\Local\Programs\MiKTeX\tex/latex/url\url.sty
\Urlmuskip=\muskip18
Package: url 2013/09/16  ver 3.4  Verb mode for urls, etc.
)
LaTeX Info: Redefining \url on input line 4801.
\XeTeXLinkMargin=\dimen161

(C:\Users\ASUS\AppData\Local\Programs\MiKTeX\tex/generic/bitset\bitset.sty
Package: bitset 2019/12/09 v1.3 Handle bit-vector datatype (HO)

(C:\Users\ASUS\AppData\Local\Programs\MiKTeX\tex/generic/bigintcalc\bigintcalc.
sty
Package: bigintcalc 2019/12/15 v1.5 Expandable calculations on big integers (HO
)
))
\Fld@menulength=\count302
\Field@Width=\dimen162
\Fld@charsize=\dimen163
Package hyperref Info: Hyper figures OFF on input line 6078.
Package hyperref Info: Link nesting OFF on input line 6083.
Package hyperref Info: Hyper index ON on input line 6086.
Package hyperref Info: backreferencing OFF on input line 6093.
Package hyperref Info: Link coloring OFF on input line 6098.
Package hyperref Info: Link coloring with OCG OFF on input line 6103.
Package hyperref Info: PDF/A mode OFF on input line 6108.
\Hy@abspage=\count303
\c@Item=\count304
\c@Hfootnote=\count305
)
Package hyperref Info: Driver (autodetected): hpdftex.

(C:\Users\ASUS\AppData\Local\Programs\MiKTeX\tex/latex/hyperref\hpdftex.def
File: hpdftex.def 2025-07-12 v7.01o Hyperref driver for pdfTeX
\Fld@listcount=\count306
\c@bookmark@seq@number=\count307

(C:\Users\ASUS\AppData\Local\Programs\MiKTeX\tex/latex/rerunfilecheck\rerunfile
check.sty
Package: rerunfilecheck 2025-06-21 v1.11 Rerun checks for auxiliary files (HO)

(C:\Users\ASUS\AppData\Local\Programs\MiKTeX\tex/generic/uniquecounter\uniqueco
unter.sty
Package: uniquecounter 2019/12/15 v1.4 Provide unlimited unique counter (HO)
)
Package uniquecounter Info: New unique counter `rerunfilecheck' on input line 2
84.
)
\Hy@SectionHShift=\skip69
)
(C:\Users\ASUS\AppData\Local\Programs\MiKTeX\tex/latex/multirow\multirow.sty
Package: multirow 2024/11/12 v2.9 Span multiple rows of a table
\multirow@colwidth=\skip70
\multirow@cntb=\count308
\multirow@dima=\skip71
\bigstrutjot=\dimen164
)
(C:\Users\ASUS\AppData\Local\Programs\MiKTeX\tex/latex/booktabs\booktabs.sty
Package: booktabs 2020/01/12 v1.61803398 Publication quality tables
\heavyrulewidth=\dimen165
\lightrulewidth=\dimen166
\cmidrulewidth=\dimen167
\belowrulesep=\dimen168
\belowbottomsep=\dimen169
\aboverulesep=\dimen170
\abovetopsep=\dimen171
\cmidrulesep=\dimen172
\cmidrulekern=\dimen173
\defaultaddspace=\dimen174
\@cmidla=\count309
\@cmidlb=\count310
\@aboverulesep=\dimen175
\@belowrulesep=\dimen176
\@thisruleclass=\count311
\@lastruleclass=\count312
\@thisrulewidth=\dimen177
)
(C:\Users\ASUS\AppData\Local\Programs\MiKTeX\tex/latex/graphics\graphicx.sty
Package: graphicx 2024/12/31 v1.2e Enhanced LaTeX Graphics (DPC,SPQR)

(C:\Users\ASUS\AppData\Local\Programs\MiKTeX\tex/latex/graphics\graphics.sty
Package: graphics 2024/08/06 v1.4g Standard LaTeX Graphics (DPC,SPQR)

(C:\Users\ASUS\AppData\Local\Programs\MiKTeX\tex/latex/graphics\trig.sty
Package: trig 2023/12/02 v1.11 sin cos tan (DPC)
)
(C:\Users\ASUS\AppData\Local\Programs\MiKTeX\tex/latex/graphics-cfg\graphics.cf
g
File: graphics.cfg 2016/06/04 v1.11 sample graphics configuration
)
Package graphics Info: Driver file: pdftex.def on input line 106.
)
\Gin@req@height=\dimen178
\Gin@req@width=\dimen179
) (C:\Users\ASUS\AppData\Local\Programs\MiKTeX\tex/latex/caption\caption.sty
Package: caption 2023/08/05 v3.6o Customizing captions (AR)
(C:\Users\ASUS\AppData\Local\Programs\MiKTeX\tex/latex/caption\caption3.sty
Package: caption3 2023/07/31 v2.4d caption3 kernel (AR)
\caption@tempdima=\dimen180
\captionmargin=\dimen181
\caption@leftmargin=\dimen182
\caption@rightmargin=\dimen183
\caption@width=\dimen184
\caption@indent=\dimen185
\caption@parindent=\dimen186
\caption@hangindent=\dimen187
Package caption Info: Standard document class detected.
)
\c@caption@flags=\count313
\c@continuedfloat=\count314
Package caption Info: hyperref package is loaded.
)
(C:\Users\ASUS\AppData\Local\Programs\MiKTeX\tex/latex/caption\subcaption.sty
Package: subcaption 2023/07/28 v1.6b Sub-captions (AR)
Package caption Info: New subtype `subfigure' on input line 238.
\c@subfigure=\count315
Package caption Info: New subtype `subtable' on input line 238.
\c@subtable=\count316
)
(C:\Users\ASUS\AppData\Local\Programs\MiKTeX\tex/latex/amsfonts\amssymb.sty
Package: amssymb 2013/01/14 v3.01 AMS font symbols
)
LaTeX Font Info:    Trying to load font information for T1+lmr on input line 61
.

(C:\Users\ASUS\AppData\Local\Programs\MiKTeX\tex/latex/lm\t1lmr.fd
File: t1lmr.fd 2015/05/01 v1.6.1 Font defs for Latin Modern
)
(C:\Users\ASUS\AppData\Local\Programs\MiKTeX\tex/latex/l3backend\l3backend-pdft
ex.def
File: l3backend-pdftex.def 2025-10-09 L3 backend support: PDF output (pdfTeX)
\l__color_backend_stack_int=\count317
) (main.aux)
\openout1 = `main.aux'.

LaTeX Font Info:    Checking defaults for OML/cmm/m/it on input line 61.
LaTeX Font Info:    ... okay on input line 61.
LaTeX Font Info:    Checking defaults for OMS/cmsy/m/n on input line 61.
LaTeX Font Info:    ... okay on input line 61.
LaTeX Font Info:    Checking defaults for OT1/cmr/m/n on input line 61.
LaTeX Font Info:    ... okay on input line 61.
LaTeX Font Info:    Checking defaults for T1/cmr/m/n on input line 61.
LaTeX Font Info:    ... okay on input line 61.
LaTeX Font Info:    Checking defaults for TS1/cmr/m/n on input line 61.
LaTeX Font Info:    ... okay on input line 61.
LaTeX Font Info:    Checking defaults for OMX/cmex/m/n on input line 61.
LaTeX Font Info:    ... okay on input line 61.
LaTeX Font Info:    Checking defaults for U/cmr/m/n on input line 61.
LaTeX Font Info:    ... okay on input line 61.
LaTeX Font Info:    Checking defaults for PD1/pdf/m/n on input line 61.
LaTeX Font Info:    ... okay on input line 61.
LaTeX Font Info:    Checking defaults for PU/pdf/m/n on input line 61.
LaTeX Font Info:    ... okay on input line 61.

(C:\Users\ASUS\AppData\Local\Programs\MiKTeX\tex/context/base/mkii\supp-pdf.mki
i
[Loading MPS to PDF converter (version 2006.09.02).]
\scratchcounter=\count318
\scratchdimen=\dimen188
\scratchbox=\box55
\nofMPsegments=\count319
\nofMParguments=\count320
\everyMPshowfont=\toks23
\MPscratchCnt=\count321
\MPscratchDim=\dimen189
\MPnumerator=\count322
\makeMPintoPDFobject=\count323
\everyMPtoPDFconversion=\toks24
)
(C:\Users\ASUS\AppData\Local\Programs\MiKTeX\tex/latex/epstopdf-pkg\epstopdf-ba
se.sty
Package: epstopdf-base 2020-01-24 v2.11 Base part for package epstopdf
Package epstopdf-base Info: Redefining graphics rule for `.eps' on input line 4
85.

(C:\Users\ASUS\AppData\Local\Programs\MiKTeX\tex/latex/00miktex\epstopdf-sys.cf
g
File: epstopdf-sys.cfg 2021/03/18 v2.0 Configuration of epstopdf for MiKTeX
))
Package hyperref Info: Link coloring OFF on input line 61.
 (main.out) (main.out)
\@outlinefile=\write3
\openout3 = `main.out'.

Package caption Info: Begin \AtBeginDocument code.
Package caption Info: End \AtBeginDocument code.
LaTeX Font Info:    Trying to load font information for T1+lmss on input line 6
4.

(C:\Users\ASUS\AppData\Local\Programs\MiKTeX\tex/latex/lm\t1lmss.fd
File: t1lmss.fd 2015/05/01 v1.6.1 Font defs for Latin Modern
)
LaTeX Font Info:    Trying to load font information for OT1+lmr on input line 6
4.

(C:\Users\ASUS\AppData\Local\Programs\MiKTeX\tex/latex/lm\ot1lmr.fd
File: ot1lmr.fd 2015/05/01 v1.6.1 Font defs for Latin Modern
)
LaTeX Font Info:    Trying to load font information for OML+lmm on input line 6
4.

(C:\Users\ASUS\AppData\Local\Programs\MiKTeX\tex/latex/lm\omllmm.fd
File: omllmm.fd 2015/05/01 v1.6.1 Font defs for Latin Modern
)
LaTeX Font Info:    Trying to load font information for OMS+lmsy on input line 
64.

(C:\Users\ASUS\AppData\Local\Programs\MiKTeX\tex/latex/lm\omslmsy.fd
File: omslmsy.fd 2015/05/01 v1.6.1 Font defs for Latin Modern
)
LaTeX Font Info:    Trying to load font information for OMX+lmex on input line 
64.

(C:\Users\ASUS\AppData\Local\Programs\MiKTeX\tex/latex/lm\omxlmex.fd
File: omxlmex.fd 2015/05/01 v1.6.1 Font defs for Latin Modern
)
LaTeX Font Info:    External font `lmex10' loaded for size
(Font)              <10> on input line 64.
LaTeX Font Info:    External font `lmex10' loaded for size
(Font)              <7> on input line 64.
LaTeX Font Info:    External font `lmex10' loaded for size
(Font)              <5> on input line 64.
LaTeX Font Info:    Trying to load font information for U+msa on input line 64.


(C:\Users\ASUS\AppData\Local\Programs\MiKTeX\tex/latex/amsfonts\umsa.fd
File: umsa.fd 2013/01/14 v3.01 AMS symbols A
)
LaTeX Font Info:    Trying to load font information for U+msb on input line 64.


(C:\Users\ASUS\AppData\Local\Programs\MiKTeX\tex/latex/amsfonts\umsb.fd
File: umsb.fd 2013/01/14 v3.01 AMS symbols B
)
LaTeX Font Info:    External font `lmex10' loaded for size
(Font)              <8> on input line 64.
LaTeX Font Info:    External font `lmex10' loaded for size
(Font)              <6> on input line 64.


Package natbib Warning: Citation `darcet2024registers' on page 1 undefined on i
nput line 66.

LaTeX Font Info:    Trying to load font information for T1+lmtt on input line 6
6.
(C:\Users\ASUS\AppData\Local\Programs\MiKTeX\tex/latex/lm\t1lmtt.fd
File: t1lmtt.fd 2015/05/01 v1.6.1 Font defs for Latin Modern
)

Package natbib Warning: Citation `darcet2024registers' on page 1 undefined on i
nput line 66.


Package natbib Warning: Citation `vaswani2023attentionneed' on page 1 undefined
 on input line 70.


Package natbib Warning: Citation `touvron2022deit' on page 1 undefined on input
 line 70.


Package natbib Warning: Citation `radford2021clip' on page 1 undefined on input
 line 70.


Package natbib Warning: Citation `he2021mae' on page 1 undefined on input line 
70.


Package natbib Warning: Citation `lowe2004distinctive' on page 1 undefined on i
nput line 70.


Package natbib Warning: Citation `Caron2021dino' on page 1 undefined on input l
ine 70.


Package natbib Warning: Citation `simeoni2021lost' on page 1 undefined on input
 line 70.


Package natbib Warning: Citation `wang2022selfsupervisedtransformersunsupervise
dobject' on page 1 undefined on input line 70.


Package natbib Warning: Citation `oquab2023dinov2' on page 1 undefined on input
 line 70.


Package natbib Warning: Citation `darcet2024registers' on page 1 undefined on i
nput line 72.

[1{C:/Users/ASUS/AppData/Local/MiKTeX/fonts/map/pdftex/pdftex.map}{C:/Users/ASU
S/AppData/Local/Programs/MiKTeX/fonts/enc/dvips/lm/lm-ec.enc}

{C:/Users/ASUS/AppData/Local/Programs/MiKTeX/fonts/enc/dvips/lm/lm-mathsy.enc}]


Package natbib Warning: Citation `darcet2024registers' on page 2 undefined on i
nput line 74.


Package natbib Warning: Citation `burtsev2021memorytransformer' on page 2 undef
ined on input line 74.


Package natbib Warning: Citation `darcet2024registers' on page 2 undefined on i
nput line 76.

<PLOTS/models_attention_artifacts_800.pdf, id=118, 686.565pt x 251.92476pt>
File: PLOTS/models_attention_artifacts_800.pdf Graphic file (type pdf)
<use PLOTS/models_attention_artifacts_800.pdf>
Package pdftex.def Info: PLOTS/models_attention_artifacts_800.pdf  used on inpu
t line 80.
(pdftex.def)             Requested size: 469.75499pt x 172.36752pt.

Package natbib Warning: Citation `darcet2024registers' on page 2 undefined on i
nput line 81.


Package natbib Warning: Citation `darcet2024registers' on page 2 undefined on i
nput line 81.


Package natbib Warning: Citation `darcet2024registers' on page 2 undefined on i
nput line 87.


Package natbib Warning: Citation `darcet2024registers' on page 2 undefined on i
nput line 99.

[2 <./PLOTS/models_attention_artifacts_800.pdf>]

Package natbib Warning: Citation `darcet2024registers' on page 3 undefined on i
nput line 108.


Package natbib Warning: Citation `darcet2024registers' on page 3 undefined on i
nput line 111.


Package natbib Warning: Citation `darcet2024registers' on page 3 undefined on i
nput line 113.


Package natbib Warning: Citation `darcet2024registers' on page 3 undefined on i
nput line 115.


Package natbib Warning: Citation `darcet2024registers' on page 3 undefined on i
nput line 120.

[3]

Package natbib Warning: Citation `deng2009imagenet' on page 4 undefined on inpu
t line 126.


Package natbib Warning: Citation `wang2022pvt' on page 4 undefined on input lin
e 131.


Package natbib Warning: Citation `liu2021swin' on page 4 undefined on input lin
e 131.


Package natbib Warning: Citation `darcet2024registers' on page 4 undefined on i
nput line 134.


Package natbib Warning: Citation `wang2022pvt' on page 4 undefined on input lin
e 137.


Package natbib Warning: Citation `liu2021swin' on page 4 undefined on input lin
e 137.

LaTeX Font Info:    Trying to load font information for TS1+lmr on input line 1
40.
(C:\Users\ASUS\AppData\Local\Programs\MiKTeX\tex/latex/lm\ts1lmr.fd
File: ts1lmr.fd 2015/05/01 v1.6.1 Font defs for Latin Modern
)

Package natbib Warning: Citation `kingma2017adammethodstochasticoptimization' o
n page 4 undefined on input line 140.


Package natbib Warning: Citation `loshchilov2019decoupledweightdecayregularizat
ion' on page 4 undefined on input line 142.

[4{C:/Users/ASUS/AppData/Local/Programs/MiKTeX/fonts/enc/dvips/lm/lm-rm.enc}{C:
/Users/ASUS/AppData/Local/Programs/MiKTeX/fonts/enc/dvips/lm/lm-ts1.enc}{C:/Use
rs/ASUS/AppData/Local/Programs/MiKTeX/fonts/enc/dvips/lm/lm-mathit.enc}{C:/User
s/ASUS/AppData/Local/Programs/MiKTeX/fonts/enc/dvips/lm/lm-mathex.enc}]

Package natbib Warning: Citation `darcet2024registers' on page 5 undefined on i
nput line 160.


Package natbib Warning: Citation `Caron2021dino' on page 5 undefined on input l
ine 160.


Package natbib Warning: Citation `oquab2023dinov2' on page 5 undefined on input
 line 160.


Package natbib Warning: Citation `touvron2022deit' on page 5 undefined on input
 line 162.


Package natbib Warning: Citation `randaugment' on page 5 undefined on input lin
e 162.


Package natbib Warning: Citation `mixup' on page 5 undefined on input line 162.



Package natbib Warning: Citation `cutmix' on page 5 undefined on input line 162
.


Package natbib Warning: Citation `datacomp2023' on page 5 undefined on input li
ne 162.


Package natbib Warning: Citation `dosovitskiy2021vit' on page 5 undefined on in
put line 162.


Package natbib Warning: Citation `devlin2019bert' on page 5 undefined on input 
line 162.


Package natbib Warning: Citation `wang2022pvt' on page 5 undefined on input lin
e 164.


Package natbib Warning: Citation `liu2021swin' on page 5 undefined on input lin
e 164.


Package natbib Warning: Citation `oquab2023dinov2' on page 5 undefined on input
 line 167.


Package natbib Warning: Citation `laion5b' on page 5 undefined on input line 16
7.


Package natbib Warning: Citation `deng2009imagenet' on page 5 undefined on inpu
t line 167.


Package natbib Warning: Citation `darcet2024registers' on page 5 undefined on i
nput line 167.


Package natbib Warning: Citation `datacomp2023' on page 5 undefined on input li
ne 167.

[5]

Package natbib Warning: Citation `darcet2024registers' on page 6 undefined on i
nput line 183.


Package natbib Warning: Citation `darcet2024registers' on page 6 undefined on i
nput line 188.


Package natbib Warning: Citation `darcet2024registers' on page 6 undefined on i
nput line 192.


Package natbib Warning: Citation `darcet2024registers' on page 6 undefined on i
nput line 194.


Package natbib Warning: Citation `darcet2024registers' on page 6 undefined on i
nput line 196.

<PLOTS/attention_feature_maps_new.pdf, id=236, 610.75822pt x 211.16249pt>
File: PLOTS/attention_feature_maps_new.pdf Graphic file (type pdf)
<use PLOTS/attention_feature_maps_new.pdf>
Package pdftex.def Info: PLOTS/attention_feature_maps_new.pdf  used on input li
ne 200.
(pdftex.def)             Requested size: 469.75499pt x 162.41196pt.

LaTeX Warning: `h' float specifier changed to `ht'.


Package natbib Warning: Citation `darcet2024registers' on page 6 undefined on i
nput line 208.


Package natbib Warning: Citation `darcet2024registers' on page 6 undefined on i
nput line 210.

[6]

Package natbib Warning: Citation `darcet2024registers' on page 7 undefined on i
nput line 213.


Package natbib Warning: Citation `darcet2024registers' on page 7 undefined on i
nput line 217.


Package natbib Warning: Citation `zhou2022ibotimagebertpretraining' on page 7 u
ndefined on input line 222.

[7 <./PLOTS/attention_feature_maps_new.pdf>]

Package natbib Warning: Citation `darcet2024registers' on page 8 undefined on i
nput line 243.


Package natbib Warning: Citation `darcet2024registers' on page 8 undefined on i
nput line 243.


Package natbib Warning: Citation `darcet2024registers' on page 8 undefined on i
nput line 269.


Package natbib Warning: Citation `darcet2024registers' on page 8 undefined on i
nput line 273.



pdfTeX warning: pdflatex (file ./PLOTS/cosine_plot_all_models.pdf): PDF inclusi
on: found PDF version <1.7>, but at most version <1.5> allowed
<PLOTS/cosine_plot_all_models.pdf, id=281, 818.09804pt x 141.64949pt>
File: PLOTS/cosine_plot_all_models.pdf Graphic file (type pdf)
<use PLOTS/cosine_plot_all_models.pdf>
Package pdftex.def Info: PLOTS/cosine_plot_all_models.pdf  used on input line 2
79.
(pdftex.def)             Requested size: 469.75499pt x 81.33542pt.

Package natbib Warning: Citation `darcet2024registers' on page 8 undefined on i
nput line 281.


Package natbib Warning: Citation `darcet2024registers' on page 8 undefined on i
nput line 281.


LaTeX Warning: `h' float specifier changed to `ht'.


Package natbib Warning: Citation `darcet2024registers' on page 8 undefined on i
nput line 302.

[8]

Package natbib Warning: Citation `darcet2024registers' on page 9 undefined on i
nput line 325.


Package natbib Warning: Citation `darcet2024registers' on page 9 undefined on i
nput line 325.

<PLOTS/norm_distribution.pdf, id=289, 328.34073pt x 152.06502pt>
File: PLOTS/norm_distribution.pdf Graphic file (type pdf)
<use PLOTS/norm_distribution.pdf>
Package pdftex.def Info: PLOTS/norm_distribution.pdf  used on input line 351.
(pdftex.def)             Requested size: 211.3883pt x 97.90367pt.
<PLOTS/att_maps_registers.pdf, id=290, 350.5095pt x 252.05106pt>
File: PLOTS/att_maps_registers.pdf Graphic file (type pdf)
<use PLOTS/att_maps_registers.pdf>
Package pdftex.def Info: PLOTS/att_maps_registers.pdf  used on input line 358.
(pdftex.def)             Requested size: 211.3883pt x 152.01253pt.

LaTeX Warning: `h' float specifier changed to `ht'.


Package natbib Warning: Citation `darcet2024registers' on page 9 undefined on i
nput line 366.

[9 <./PLOTS/cosine_plot_all_models.pdf>]

Package natbib Warning: Citation `darcet2024registers' on page 10 undefined on 
input line 373.

<PLOTS/pvt_swin_feature_maps.pdf, id=309, 666.29874pt x 252.22733pt>
File: PLOTS/pvt_swin_feature_maps.pdf Graphic file (type pdf)
<use PLOTS/pvt_swin_feature_maps.pdf>
Package pdftex.def Info: PLOTS/pvt_swin_feature_maps.pdf  used on input line 37
9.
(pdftex.def)             Requested size: 422.77661pt x 160.04326pt.

LaTeX Warning: `h' float specifier changed to `ht'.

[10 <./PLOTS/norm_distribution.pdf> <./PLOTS/att_maps_registers.pdf>]

Package natbib Warning: Citation `wang2022pvt' on page 11 undefined on input li
ne 387.


Package natbib Warning: Citation `darcet2024registers' on page 11 undefined on 
input line 390.

<PLOTS/pvt_norms_5000.png, id=358, 1450.74799pt x 363.95172pt>
File: PLOTS/pvt_norms_5000.png Graphic file (type png)
<use PLOTS/pvt_norms_5000.png>
Package pdftex.def Info: PLOTS/pvt_norms_5000.png  used on input line 395.
(pdftex.def)             Requested size: 469.75499pt x 117.84973pt.

Package natbib Warning: Citation `darcet2024registers' on page 11 undefined on 
input line 404.


Package natbib Warning: Citation `darcet2024registers' on page 11 undefined on 
input line 404.


Package natbib Warning: Citation `darcet2024registers' on page 11 undefined on 
input line 404.

[11 <./PLOTS/pvt_swin_feature_maps.pdf> <./PLOTS/pvt_norms_5000.png>]

Package natbib Warning: Citation `darcet2024registers' on page 12 undefined on 
input line 409.


Package natbib Warning: Citation `darcet2024registers' on page 12 undefined on 
input line 409.


Underfull \vbox (badness 1715) has occurred while \output is active []

 [12]
[13] (main.bbl [14]) [15]
<PLOTS/appendix_figure_qkv.png, id=482, 2432.08624pt x 3181.8875pt>
File: PLOTS/appendix_figure_qkv.png Graphic file (type png)
<use PLOTS/appendix_figure_qkv.png>
Package pdftex.def Info: PLOTS/appendix_figure_qkv.png  used on input line 450.

(pdftex.def)             Requested size: 469.75499pt x 614.56656pt.


LaTeX Warning: Float too large for page by 22.13657pt on input line 453.


LaTeX Warning: `h' float specifier changed to `ht'.

<PLOTS/app_figure_qkv_per_block_short.jpg, id=484, 2920.28616pt x 540.5796pt>
File: PLOTS/app_figure_qkv_per_block_short.jpg Graphic file (type jpg)
<use PLOTS/app_figure_qkv_per_block_short.jpg>
Package pdftex.def Info: PLOTS/app_figure_qkv_per_block_short.jpg  used on inpu
t line 462.
(pdftex.def)             Requested size: 469.75499pt x 86.95642pt.

LaTeX Warning: `!h' float specifier changed to `!ht'.

<PLOTS/pvt_cosine_similarities.pdf, id=487, 1084.05pt x 722.7pt>
File: PLOTS/pvt_cosine_similarities.pdf Graphic file (type pdf)
<use PLOTS/pvt_cosine_similarities.pdf>
Package pdftex.def Info: PLOTS/pvt_cosine_similarities.pdf  used on input line 
478.
(pdftex.def)             Requested size: 469.75499pt x 313.16995pt.
[16]

LaTeX Warning: `!h' float specifier changed to `!ht'.

<PLOTS/pvt_b2_acc_vs_percentile.pdf, id=498, 867.24pt x 505.89pt>
File: PLOTS/pvt_b2_acc_vs_percentile.pdf Graphic file (type pdf)
<use PLOTS/pvt_b2_acc_vs_percentile.pdf>
Package pdftex.def Info: PLOTS/pvt_b2_acc_vs_percentile.pdf  used on input line
 508.
(pdftex.def)             Requested size: 469.75499pt x 274.02563pt.

LaTeX Warning: `!h' float specifier changed to `!ht'.


Underfull \vbox (badness 6284) has occurred while \output is active []

 [17]
<PLOTS/figure_feat_maps_norms.png, id=508, 856.3995pt x 419.166pt>
File: PLOTS/figure_feat_maps_norms.png Graphic file (type png)
<use PLOTS/figure_feat_maps_norms.png>
Package pdftex.def Info: PLOTS/figure_feat_maps_norms.png  used on input line 5
26.
(pdftex.def)             Requested size: 469.75499pt x 229.928pt.


LaTeX Warning: `!h' float specifier changed to `!ht'.

<PLOTS/dinov2_feature_maps_800.png, id=511, 4649.37pt x 4449.62375pt>
File: PLOTS/dinov2_feature_maps_800.png Graphic file (type png)
<use PLOTS/dinov2_feature_maps_800.png>
Package pdftex.def Info: PLOTS/dinov2_feature_maps_800.png  used on input line 
536.
(pdftex.def)             Requested size: 469.75499pt x 449.53746pt.

LaTeX Warning: `!h' float specifier changed to `!ht'.

<PLOTS/open_clip_feature_maps_800.pdf, id=512, 1806.75pt x 1445.4pt>
File: PLOTS/open_clip_feature_maps_800.pdf Graphic file (type pdf)
<use PLOTS/open_clip_feature_maps_800.pdf>
Package pdftex.def Info: PLOTS/open_clip_feature_maps_800.pdf  used on input li
ne 543.
(pdftex.def)             Requested size: 469.75499pt x 375.79514pt.

LaTeX Warning: `!h' float specifier changed to `!ht'.

<PLOTS/deit3_feature_maps_800.pdf, id=513, 1806.75pt x 1445.4pt>
File: PLOTS/deit3_feature_maps_800.pdf Graphic file (type pdf)
<use PLOTS/deit3_feature_maps_800.pdf>
Package pdftex.def Info: PLOTS/deit3_feature_maps_800.pdf  used on input line 5
50.
(pdftex.def)             Requested size: 469.75499pt x 375.79514pt.

LaTeX Warning: `!h' float specifier changed to `!ht'.

<PLOTS/swin_feature_maps_800.pdf, id=514, 1806.75pt x 1445.4pt>
File: PLOTS/swin_feature_maps_800.pdf Graphic file (type pdf)
<use PLOTS/swin_feature_maps_800.pdf>
Package pdftex.def Info: PLOTS/swin_feature_maps_800.pdf  used on input line 55
7.
(pdftex.def)             Requested size: 469.75499pt x 375.79514pt.

LaTeX Warning: `!h' float specifier changed to `!ht'.

<PLOTS/pvt_feature_maps_800.pdf, id=515, 1806.75pt x 1445.4pt>
File: PLOTS/pvt_feature_maps_800.pdf Graphic file (type pdf)
<use PLOTS/pvt_feature_maps_800.pdf>
Package pdftex.def Info: PLOTS/pvt_feature_maps_800.pdf  used on input line 564
.
(pdftex.def)             Requested size: 469.75499pt x 375.79514pt.

LaTeX Warning: `!h' float specifier changed to `!ht'.


Package natbib Warning: There were undefined citations.

[18] [19 <./PLOTS/appendix_figure_qkv.png>] [20 <./PLOTS/app_figure_qkv_per_blo
ck_short.jpg> <./PLOTS/pvt_cosine_similarities.pdf>] [21 <./PLOTS/pvt_b2_acc_vs
_percentile.pdf> <./PLOTS/figure_feat_maps_norms.png>] [22 <./PLOTS/dinov2_feat
ure_maps_800.png>] [23 <./PLOTS/open_clip_feature_maps_800.pdf>] [24 <./PLOTS/d
eit3_feature_maps_800.pdf>] [25 <./PLOTS/swin_feature_maps_800.pdf>] [26 <./PLO
TS/pvt_feature_maps_800.pdf>] (main.aux

Package natbib Warning: Citation(s) may have changed.
(natbib)                Rerun to get citations correct.

)
 ***********
LaTeX2e <2025-11-01>
L3 programming layer <2025-12-24>
 ***********


LaTeX Warning: Label(s) may have changed. Rerun to get cross-references right.

Package rerunfilecheck Info: File `main.out' has not changed.
(rerunfilecheck)             Checksum: BFC39BE64909C4439F9DB7FFE575FF32;3738.
 ) 
Here is how much of TeX's memory you used:
 13735 strings out of 467871
 214238 string characters out of 5418861
 639189 words of memory out of 5000000
 42277 multiletter control sequences out of 15000+600000
 720533 words of font info for 102 fonts, out of 8000000 for 9000
 1141 hyphenation exceptions out of 8191
 75i,12n,90p,1211b,585s stack positions out of 10000i,1000n,20000p,200000b,200000s

pdfTeX warning (dest): name{figure.caption.27} has been referenced but does not
 exist, replaced by a fixed one


pdfTeX warning (dest): name{figure.caption.22} has been referenced but does not
 exist, replaced by a fixed one

<C:/Users/ASUS/AppData/Local/Programs/MiKTeX/fonts/type1/public/lm/lmbx10.pfb><
C:/Users/ASUS/AppData/Local/Programs/MiKTeX/fonts/type1/public/lm/lmbx7.pfb><C:
/Users/ASUS/AppData/Local/Programs/MiKTeX/fonts/type1/public/lm/lmbx9.pfb><C:/U
sers/ASUS/AppData/Local/Programs/MiKTeX/fonts/type1/public/lm/lmex10.pfb><C:/Us
ers/ASUS/AppData/Local/Programs/MiKTeX/fonts/type1/public/lm/lmmi10.pfb><C:/Use
rs/ASUS/AppData/Local/Programs/MiKTeX/fonts/type1/public/lm/lmmi7.pfb><C:/Users
/ASUS/AppData/Local/Programs/MiKTeX/fonts/type1/public/lm/lmr10.pfb><C:/Users/A
SUS/AppData/Local/Programs/MiKTeX/fonts/type1/public/lm/lmr6.pfb><C:/Users/ASUS
/AppData/Local/Programs/MiKTeX/fonts/type1/public/lm/lmr7.pfb><C:/Users/ASUS/Ap
pData/Local/Programs/MiKTeX/fonts/type1/public/lm/lmr8.pfb><C:/Users/ASUS/AppDa
ta/Local/Programs/MiKTeX/fonts/type1/public/lm/lmri10.pfb><C:/Users/ASUS/AppDat
a/Local/Programs/MiKTeX/fonts/type1/public/lm/lmri9.pfb><C:/Users/ASUS/AppData/
Local/Programs/MiKTeX/fonts/type1/public/lm/lmssbx10.pfb><C:/Users/ASUS/AppData
/Local/Programs/MiKTeX/fonts/type1/public/lm/lmsy10.pfb><C:/Users/ASUS/AppData/
Local/Programs/MiKTeX/fonts/type1/public/lm/lmsy6.pfb><C:/Users/ASUS/AppData/Lo
cal/Programs/MiKTeX/fonts/type1/public/lm/lmsy7.pfb><C:/Users/ASUS/AppData/Loca
l/Programs/MiKTeX/fonts/type1/public/lm/lmtt10.pfb><C:/Users/ASUS/AppData/Local
/Programs/MiKTeX/fonts/type1/public/lm/lmtt8.pfb><C:/Users/ASUS/AppData/Local/P
rograms/MiKTeX/fonts/type1/public/amsfonts/symbols/msam10.pfb>
Output written on main.pdf (26 pages, 32108893 bytes).
PDF statistics:
 1140 PDF objects out of 1200 (max. 8388607)
 120 named destinations out of 1000 (max. 500000)
 286 words of extra memory for PDF output out of 10000 (max. 10000000)

