This is pdfTeX, Version 3.141592653-2.6-1.40.28 (MiKTeX 25.12) (preloaded format=pdflatex 2026.7.8)  15 JUL 2026 21:33
entering extended mode
 restricted \write18 enabled.
 %&-line parsing enabled.
**./main.tex
(main.tex
LaTeX2e <2025-11-01>
L3 programming layer <2025-12-24>
(C:\Users\ASUS\AppData\Local\Programs\MiKTeX\tex/latex/base\article.cls
Document Class: article 2025/01/22 v1.4n Standard LaTeX document class
(C:\Users\ASUS\AppData\Local\Programs\MiKTeX\tex/latex/base\size10.clo
File: size10.clo 2025/01/22 v1.4n Standard LaTeX file (size option)
)
\c@part=\count275
\c@section=\count276
\c@subsection=\count277
\c@subsubsection=\count278
\c@paragraph=\count279
\c@subparagraph=\count280
\c@figure=\count281
\c@table=\count282
\abovecaptionskip=\skip49
\belowcaptionskip=\skip50
\bibindent=\dimen148
)
(C:\Users\ASUS\AppData\Local\Programs\MiKTeX\tex/latex/natbib\natbib.sty
Package: natbib 2010/09/13 8.31b (PWD, AO)
\bibhang=\skip51
\bibsep=\skip52
LaTeX Info: Redefining \cite on input line 694.
\c@NAT@ctr=\count283
)
(C:\Users\ASUS\AppData\Local\Programs\MiKTeX\tex/latex/amsmath\amsmath.sty
Package: amsmath 2025/07/09 v2.17z AMS math features
\@mathmargin=\skip53

For additional information on amsmath, use the `?' option.
(C:\Users\ASUS\AppData\Local\Programs\MiKTeX\tex/latex/amsmath\amstext.sty
Package: amstext 2024/11/17 v2.01 AMS text

(C:\Users\ASUS\AppData\Local\Programs\MiKTeX\tex/latex/amsmath\amsgen.sty
File: amsgen.sty 1999/11/30 v2.0 generic functions
\@emptytoks=\toks17
\ex@=\dimen149
))
(C:\Users\ASUS\AppData\Local\Programs\MiKTeX\tex/latex/amsmath\amsbsy.sty
Package: amsbsy 1999/11/29 v1.2d Bold Symbols
\pmbraise@=\dimen150
)
(C:\Users\ASUS\AppData\Local\Programs\MiKTeX\tex/latex/amsmath\amsopn.sty
Package: amsopn 2022/04/08 v2.04 operator names
)
\inf@bad=\count284
LaTeX Info: Redefining \frac on input line 233.
\uproot@=\count285
\leftroot@=\count286
LaTeX Info: Redefining \overline on input line 398.
LaTeX Info: Redefining \colon on input line 409.
\classnum@=\count287
\DOTSCASE@=\count288
LaTeX Info: Redefining \ldots on input line 495.
LaTeX Info: Redefining \dots on input line 498.
LaTeX Info: Redefining \cdots on input line 619.
\Mathstrutbox@=\box53
\strutbox@=\box54
LaTeX Info: Redefining \big on input line 721.
LaTeX Info: Redefining \Big on input line 722.
LaTeX Info: Redefining \bigg on input line 723.
LaTeX Info: Redefining \Bigg on input line 724.
\big@size=\dimen151
LaTeX Font Info:    Redeclaring font encoding OML on input line 742.
LaTeX Font Info:    Redeclaring font encoding OMS on input line 743.
\macc@depth=\count289
LaTeX Info: Redefining \bmod on input line 904.
LaTeX Info: Redefining \pmod on input line 909.
LaTeX Info: Redefining \smash on input line 939.
LaTeX Info: Redefining \relbar on input line 969.
LaTeX Info: Redefining \Relbar on input line 970.
\c@MaxMatrixCols=\count290
\dotsspace@=\muskip17
\c@parentequation=\count291
\dspbrk@lvl=\count292
\tag@help=\toks18
\row@=\count293
\column@=\count294
\maxfields@=\count295
\andhelp@=\toks19
\eqnshift@=\dimen152
\alignsep@=\dimen153
\tagshift@=\dimen154
\tagwidth@=\dimen155
\totwidth@=\dimen156
\lineht@=\dimen157
\@envbody=\toks20
\multlinegap=\skip54
\multlinetaggap=\skip55
\mathdisplay@stack=\toks21
LaTeX Info: Redefining \[ on input line 2950.
LaTeX Info: Redefining \] on input line 2951.
)
(C:\Users\ASUS\AppData\Local\Programs\MiKTeX\tex/latex/amsfonts\amsfonts.sty
Package: amsfonts 2013/01/14 v3.01 Basic AMSFonts support
\symAMSa=\mathgroup4
\symAMSb=\mathgroup5
LaTeX Font Info:    Redeclaring math symbol \hbar on input line 98.
LaTeX Font Info:    Overwriting math alphabet `\mathfrak' in version `bold'
(Font)                  U/euf/m/n --> U/euf/b/n on input line 106.
)
(C:\Users\ASUS\AppData\Local\Programs\MiKTeX\tex/latex/amsfonts\amssymb.sty
Package: amssymb 2013/01/14 v3.01 AMS font symbols
)
(C:\Users\ASUS\AppData\Local\Programs\MiKTeX\tex/latex/stackengine\stackengine.
sty
Package: stackengine 2021/07/22 v4.11\ Stacking text and objects in convenient 
ways

(C:\Users\ASUS\AppData\Local\Programs\MiKTeX\tex/latex/etoolbox\etoolbox.sty
Package: etoolbox 2025/10/02 v2.5m e-TeX tools for LaTeX (JAW)
\etb@tempcnta=\count296
)
(C:\Users\ASUS\AppData\Local\Programs\MiKTeX\tex/latex/listofitems\listofitems.
sty
(C:\Users\ASUS\AppData\Local\Programs\MiKTeX\tex/generic/listofitems\listofitem
s.tex
\loi_cnt_foreach_nest=\count297
\loi_nestcnt=\count298
)
Package: listofitems 2024/03/09 v1.65 Grab items in lists using user-specified 
sep char (CT)
) (C:\Users\ASUS\AppData\Local\Programs\MiKTeX\tex/latex/tools\calc.sty
Package: calc 2025/03/01 v4.3b Infix arithmetic (KKT,FJ)
\calc@Acount=\count299
\calc@Bcount=\count300
\calc@Adimen=\dimen158
\calc@Bdimen=\dimen159
\calc@Askip=\skip56
\calc@Bskip=\skip57
LaTeX Info: Redefining \setlength on input line 86.
LaTeX Info: Redefining \addtolength on input line 87.
\calc@Ccount=\count301
\calc@Cskip=\skip58
)
\c@@stackindex=\count302
\@boxshift=\skip59
\stack@tmplength=\skip60
\temp@stkl=\skip61
\@stackedboxwidth=\skip62
\@addedbox=\box55
\@anchorbox=\box56
\@insetbox=\box57
\se@backgroundbox=\box58
\stackedbox=\box59
\@centerbox=\box60
\c@ROWcellindex@=\count303
) (C:\Users\ASUS\AppData\Local\Programs\MiKTeX\tex/latex/float\float.sty
Package: float 2001/11/08 v1.3d Float enhancements (AL)
\c@float@type=\count304
\float@exts=\toks22
\float@box=\box61
\@float@everytoks=\toks23
\@floatcapt=\box62
)
(C:\Users\ASUS\AppData\Local\Programs\MiKTeX\tex/latex/wrapfig\wrapfig.sty
\wrapoverhang=\dimen160
\WF@size=\dimen161
\c@WF@wrappedlines=\count305
\WF@box=\box63
\WF@everypar=\toks24
Package: wrapfig 2003/01/31  v 3.6
)
(neurips_2025.sty
Package: neurips_2025 2025/04/02 NeurIPS 2025 submission/camera-ready style fil
e

(C:\Users\ASUS\AppData\Local\Programs\MiKTeX\tex/latex/environ\environ.sty
Package: environ 2014/05/04 v0.3 A new way to define environments

(C:\Users\ASUS\AppData\Local\Programs\MiKTeX\tex/latex/trimspaces\trimspaces.st
y
Package: trimspaces 2009/09/17 v1.1 Trim spaces around a token list
))
(C:\Users\ASUS\AppData\Local\Programs\MiKTeX\tex/latex/geometry\geometry.sty
Package: geometry 2026/03/07 v6.0 Page Geometry

(C:\Users\ASUS\AppData\Local\Programs\MiKTeX\tex/latex/graphics\keyval.sty
Package: keyval 2022/05/29 v1.15 key=value parser (DPC)
\KV@toks@=\toks25
)
(C:\Users\ASUS\AppData\Local\Programs\MiKTeX\tex/generic/iftex\ifvtex.sty
Package: ifvtex 2019/10/25 v1.7 ifvtex legacy package. Use iftex instead.

(C:\Users\ASUS\AppData\Local\Programs\MiKTeX\tex/generic/iftex\iftex.sty
Package: iftex 2024/12/12 v1.0g TeX engine tests
))
\Gm@cnth=\count306
\Gm@cntv=\count307
\c@Gm@tempcnt=\count308
\Gm@bindingoffset=\dimen162
\Gm@wd@mp=\dimen163
\Gm@odd@mp=\dimen164
\Gm@even@mp=\dimen165
\Gm@layoutwidth=\dimen166
\Gm@layoutheight=\dimen167
\Gm@layouthoffset=\dimen168
\Gm@layoutvoffset=\dimen169
\Gm@dimlist=\toks26

(C:\Users\ASUS\AppData\Local\Programs\MiKTeX\tex/latex/geometry\geometry.cfg))
\@neuripsabovecaptionskip=\skip63
\@neuripsbelowcaptionskip=\skip64
) (C:\Users\ASUS\AppData\Local\Programs\MiKTeX\tex/latex/multirow\multirow.sty
Package: multirow 2024/11/12 v2.9 Span multiple rows of a table
\multirow@colwidth=\skip65
\multirow@cntb=\count309
\multirow@dima=\skip66
\bigstrutjot=\dimen170
)
(C:\Users\ASUS\AppData\Local\Programs\MiKTeX\tex/latex/graphics\graphicx.sty
Package: graphicx 2024/12/31 v1.2e Enhanced LaTeX Graphics (DPC,SPQR)

(C:\Users\ASUS\AppData\Local\Programs\MiKTeX\tex/latex/graphics\graphics.sty
Package: graphics 2024/08/06 v1.4g Standard LaTeX Graphics (DPC,SPQR)

(C:\Users\ASUS\AppData\Local\Programs\MiKTeX\tex/latex/graphics\trig.sty
Package: trig 2023/12/02 v1.11 sin cos tan (DPC)
)
(C:\Users\ASUS\AppData\Local\Programs\MiKTeX\tex/latex/graphics-cfg\graphics.cf
g
File: graphics.cfg 2016/06/04 v1.11 sample graphics configuration
)
Package graphics Info: Driver file: pdftex.def on input line 106.

(C:\Users\ASUS\AppData\Local\Programs\MiKTeX\tex/latex/graphics-def\pdftex.def
File: pdftex.def 2025/09/29 v1.2d Graphics/color driver for pdftex
))
\Gin@req@height=\dimen171
\Gin@req@width=\dimen172
)
(C:\Users\ASUS\AppData\Local\Programs\MiKTeX\tex/latex/caption\subcaption.sty
Package: subcaption 2023/07/28 v1.6b Sub-captions (AR)

(C:\Users\ASUS\AppData\Local\Programs\MiKTeX\tex/latex/caption\caption.sty
Package: caption 2023/08/05 v3.6o Customizing captions (AR)

(C:\Users\ASUS\AppData\Local\Programs\MiKTeX\tex/latex/caption\caption3.sty
Package: caption3 2023/07/31 v2.4d caption3 kernel (AR)
\caption@tempdima=\dimen173
\captionmargin=\dimen174
\caption@leftmargin=\dimen175
\caption@rightmargin=\dimen176
\caption@width=\dimen177
\caption@indent=\dimen178
\caption@parindent=\dimen179
\caption@hangindent=\dimen180
Package caption Info: Standard document class detected.
)
\c@caption@flags=\count310
\c@continuedfloat=\count311
Package caption Info: float package is loaded.
Package caption Info: wrapfig package is loaded.
)
Package caption Info: New subtype `subfigure' on input line 238.
\c@subfigure=\count312
Package caption Info: New subtype `subtable' on input line 238.
\c@subtable=\count313
)
(C:\Users\ASUS\AppData\Local\Programs\MiKTeX\tex/latex/base\inputenc.sty
Package: inputenc 2024/02/08 v1.3d Input encoding file
\inpenc@prehook=\toks27
\inpenc@posthook=\toks28
)
(C:\Users\ASUS\AppData\Local\Programs\MiKTeX\tex/latex/base\fontenc.sty
Package: fontenc 2025/07/18 v2.1d Standard LaTeX package
LaTeX Font Info:    Trying to load font information for T1+ptm on input line 11
6.

(C:\Users\ASUS\AppData\Local\Programs\MiKTeX\tex/latex/psnfss\t1ptm.fd
File: t1ptm.fd 2001/06/04 font definitions for T1/ptm.
))
(C:\Users\ASUS\AppData\Local\Programs\MiKTeX\tex/latex/hyperref\hyperref.sty
Package: hyperref 2025-07-12 v7.01o Hypertext links for LaTeX

(C:\Users\ASUS\AppData\Local\Programs\MiKTeX\tex/latex/kvsetkeys\kvsetkeys.sty
Package: kvsetkeys 2022-10-05 v1.19 Key value parser (HO)
)
(C:\Users\ASUS\AppData\Local\Programs\MiKTeX\tex/generic/kvdefinekeys\kvdefinek
eys.sty
Package: kvdefinekeys 2019-12-19 v1.6 Define keys (HO)
)
(C:\Users\ASUS\AppData\Local\Programs\MiKTeX\tex/generic/pdfescape\pdfescape.st
y
Package: pdfescape 2019/12/09 v1.15 Implements pdfTeX's escape features (HO)
 (C:\Users\ASUS\AppData\Local\Programs\MiKTeX\tex/generic/ltxcmds\ltxcmds.sty
Package: ltxcmds 2023-12-04 v1.26 LaTeX kernel commands for general use (HO)
)
(C:\Users\ASUS\AppData\Local\Programs\MiKTeX\tex/generic/pdftexcmds\pdftexcmds.
sty
Package: pdftexcmds 2020-06-27 v0.33 Utility functions of pdfTeX for LuaTeX (HO
)

(C:\Users\ASUS\AppData\Local\Programs\MiKTeX\tex/generic/infwarerr\infwarerr.st
y
Package: infwarerr 2019/12/03 v1.5 Providing info/warning/error messages (HO)
)
Package pdftexcmds Info: \pdf@primitive is available.
Package pdftexcmds Info: \pdf@ifprimitive is available.
Package pdftexcmds Info: \pdfdraftmode found.
)) (C:\Users\ASUS\AppData\Local\Programs\MiKTeX\tex/latex/hycolor\hycolor.sty
Package: hycolor 2020-01-27 v1.10 Color options for hyperref/bookmark (HO)
) (C:\Users\ASUS\AppData\Local\Programs\MiKTeX\tex/latex/hyperref\nameref.sty
Package: nameref 2025-06-21 v2.57 Cross-referencing by name of section

(C:\Users\ASUS\AppData\Local\Programs\MiKTeX\tex/latex/refcount\refcount.sty
Package: refcount 2019/12/15 v3.6 Data extraction from label references (HO)
)
(C:\Users\ASUS\AppData\Local\Programs\MiKTeX\tex/generic/gettitlestring\gettitl
estring.sty
Package: gettitlestring 2019/12/15 v1.6 Cleanup title references (HO)

(C:\Users\ASUS\AppData\Local\Programs\MiKTeX\tex/latex/kvoptions\kvoptions.sty
Package: kvoptions 2022-06-15 v3.15 Key value format for package options (HO)
))
\c@section@level=\count314
)
(C:\Users\ASUS\AppData\Local\Programs\MiKTeX\tex/generic/stringenc\stringenc.st
y
Package: stringenc 2019/11/29 v1.12 Convert strings between diff. encodings (HO
)
)
\@linkdim=\dimen181
\Hy@linkcounter=\count315
\Hy@pagecounter=\count316
 (C:\Users\ASUS\AppData\Local\Programs\MiKTeX\tex/latex/hyperref\pd1enc.def
File: pd1enc.def 2025-07-12 v7.01o Hyperref: PDFDocEncoding definition (HO)
Now handling font encoding PD1 ...
... no UTF-8 mapping file for font encoding PD1
)
(C:\Users\ASUS\AppData\Local\Programs\MiKTeX\tex/generic/intcalc\intcalc.sty
Package: intcalc 2019/12/15 v1.3 Expandable calculations with integers (HO)
)
\Hy@SavedSpaceFactor=\count317

(C:\Users\ASUS\AppData\Local\Programs\MiKTeX\tex/latex/hyperref\puenc.def
File: puenc.def 2025-07-12 v7.01o Hyperref: PDF Unicode definition (HO)
Now handling font encoding PU ...
... no UTF-8 mapping file for font encoding PU
)
Package hyperref Info: Option `colorlinks' set `true' on input line 4066.
Package hyperref Info: Hyper figures OFF on input line 4195.
Package hyperref Info: Link nesting OFF on input line 4200.
Package hyperref Info: Hyper index ON on input line 4203.
Package hyperref Info: Plain pages OFF on input line 4210.
Package hyperref Info: Backreferencing OFF on input line 4215.
Package hyperref Info: Implicit mode ON; LaTeX internals redefined.
Package hyperref Info: Bookmarks ON on input line 4462.
\c@Hy@tempcnt=\count318

(C:\Users\ASUS\AppData\Local\Programs\MiKTeX\tex/latex/url\url.sty
\Urlmuskip=\muskip18
Package: url 2013/09/16  ver 3.4  Verb mode for urls, etc.
)
LaTeX Info: Redefining \url on input line 4801.
\XeTeXLinkMargin=\dimen182

(C:\Users\ASUS\AppData\Local\Programs\MiKTeX\tex/generic/bitset\bitset.sty
Package: bitset 2019/12/09 v1.3 Handle bit-vector datatype (HO)

(C:\Users\ASUS\AppData\Local\Programs\MiKTeX\tex/generic/bigintcalc\bigintcalc.
sty
Package: bigintcalc 2019/12/15 v1.5 Expandable calculations on big integers (HO
)
))
\Fld@menulength=\count319
\Field@Width=\dimen183
\Fld@charsize=\dimen184
Package hyperref Info: Hyper figures OFF on input line 6078.
Package hyperref Info: Link nesting OFF on input line 6083.
Package hyperref Info: Hyper index ON on input line 6086.
Package hyperref Info: backreferencing OFF on input line 6093.
Package hyperref Info: Link coloring ON on input line 6096.
Package hyperref Info: Link coloring with OCG OFF on input line 6103.
Package hyperref Info: PDF/A mode OFF on input line 6108.
\Hy@abspage=\count320
\c@Item=\count321
\c@Hfootnote=\count322
)
Package hyperref Info: Driver (autodetected): hpdftex.

(C:\Users\ASUS\AppData\Local\Programs\MiKTeX\tex/latex/hyperref\hpdftex.def
File: hpdftex.def 2025-07-12 v7.01o Hyperref driver for pdfTeX
\Fld@listcount=\count323
\c@bookmark@seq@number=\count324

(C:\Users\ASUS\AppData\Local\Programs\MiKTeX\tex/latex/rerunfilecheck\rerunfile
check.sty
Package: rerunfilecheck 2025-06-21 v1.11 Rerun checks for auxiliary files (HO)

(C:\Users\ASUS\AppData\Local\Programs\MiKTeX\tex/generic/uniquecounter\uniqueco
unter.sty
Package: uniquecounter 2019/12/15 v1.4 Provide unlimited unique counter (HO)
)
Package uniquecounter Info: New unique counter `rerunfilecheck' on input line 2
84.
)
\Hy@SectionHShift=\skip67
)
(C:\Users\ASUS\AppData\Local\Programs\MiKTeX\tex/latex/booktabs\booktabs.sty
Package: booktabs 2020/01/12 v1.61803398 Publication quality tables
\heavyrulewidth=\dimen185
\lightrulewidth=\dimen186
\cmidrulewidth=\dimen187
\belowrulesep=\dimen188
\belowbottomsep=\dimen189
\aboverulesep=\dimen190
\abovetopsep=\dimen191
\cmidrulesep=\dimen192
\cmidrulekern=\dimen193
\defaultaddspace=\dimen194
\@cmidla=\count325
\@cmidlb=\count326
\@aboverulesep=\dimen195
\@belowrulesep=\dimen196
\@thisruleclass=\count327
\@lastruleclass=\count328
\@thisrulewidth=\dimen197
)
(C:\Users\ASUS\AppData\Local\Programs\MiKTeX\tex/latex/units\nicefrac.sty
Package: nicefrac 1998/08/04 v0.9b Nice fractions
\L@UnitsRaiseDisplaystyle=\skip68
\L@UnitsRaiseTextstyle=\skip69
\L@UnitsRaiseScriptstyle=\skip70

(C:\Users\ASUS\AppData\Local\Programs\MiKTeX\tex/latex/base\ifthen.sty
Package: ifthen 2024/03/16 v1.1e Standard LaTeX ifthen package (DPC)
))
(C:\Users\ASUS\AppData\Local\Programs\MiKTeX\tex/latex/microtype\microtype.sty
Package: microtype 2026/03/01 v3.2d Micro-typographical refinements (RS)
\MT@toks=\toks29
\MT@tempbox=\box64
\MT@count=\count329
LaTeX Info: Redefining \noprotrusionifhmode on input line 1084.
LaTeX Info: Redefining \leftprotrusion on input line 1085.
\MT@prot@toks=\toks30
LaTeX Info: Redefining \rightprotrusion on input line 1104.
LaTeX Info: Redefining \textls on input line 1449.
\MT@outer@kern=\dimen198
LaTeX Info: Redefining \microtypecontext on input line 2053.
LaTeX Info: Redefining \textmicrotypecontext on input line 2070.
\MT@listname@count=\count330

(C:\Users\ASUS\AppData\Local\Programs\MiKTeX\tex/latex/microtype\microtype-pdft
ex.def
File: microtype-pdftex.def 2026/03/01 v3.2d Definitions specific to pdftex (RS)

LaTeX Info: Redefining \lsstyle on input line 944.
LaTeX Info: Redefining \lslig on input line 944.
\MT@outer@space=\skip71
)
Package microtype Info: Loading configuration file microtype.cfg.

(C:\Users\ASUS\AppData\Local\Programs\MiKTeX\tex/latex/microtype\microtype.cfg
File: microtype.cfg 2026/03/01 v3.2d microtype main configuration file (RS)
)
LaTeX Info: Redefining \microtypesetup on input line 3065.
) (C:\Users\ASUS\AppData\Local\Programs\MiKTeX\tex/latex/xcolor\xcolor.sty
Package: xcolor 2024/09/29 v3.02 LaTeX color extensions (UK)

(C:\Users\ASUS\AppData\Local\Programs\MiKTeX\tex/latex/graphics-cfg\color.cfg
File: color.cfg 2016/01/02 v1.6 sample color configuration
)
Package xcolor Info: Driver file: pdftex.def on input line 274.

(C:\Users\ASUS\AppData\Local\Programs\MiKTeX\tex/latex/graphics\mathcolor.ltx)
Package xcolor Info: Model `cmy' substituted by `cmy0' on input line 1349.
Package xcolor Info: Model `hsb' substituted by `rgb' on input line 1353.
Package xcolor Info: Model `RGB' extended on input line 1365.
Package xcolor Info: Model `HTML' substituted by `rgb' on input line 1367.
Package xcolor Info: Model `Hsb' substituted by `hsb' on input line 1368.
Package xcolor Info: Model `tHsb' substituted by `hsb' on input line 1369.
Package xcolor Info: Model `HSB' substituted by `hsb' on input line 1370.
Package xcolor Info: Model `Gray' substituted by `gray' on input line 1371.
Package xcolor Info: Model `wave' substituted by `hsb' on input line 1372.
)
(C:\Users\ASUS\AppData\Local\Programs\MiKTeX\tex/latex/algorithms\algorithm.sty
Package: algorithm 2009/08/24 v0.1 Document Style `algorithm' - floating enviro
nment
\@float@every@algorithm=\toks31
\c@algorithm=\count331
)
(C:\Users\ASUS\AppData\Local\Programs\MiKTeX\tex/latex/algorithmicx\algpseudoco
de.sty
Package: algpseudocode 

(C:\Users\ASUS\AppData\Local\Programs\MiKTeX\tex/latex/algorithmicx\algorithmic
x.sty
Package: algorithmicx 2005/04/27 v1.2 Algorithmicx

Document Style algorithmicx 1.2 - a greatly improved `algorithmic' style
\c@ALG@line=\count332
\c@ALG@rem=\count333
\c@ALG@nested=\count334
\ALG@tlm=\skip72
\ALG@thistlm=\skip73
\c@ALG@Lnr=\count335
\c@ALG@blocknr=\count336
\c@ALG@storecount=\count337
\c@ALG@tmpcounter=\count338
\ALG@tmplength=\skip74
)
Document Style - pseudocode environments for use with the `algorithmicx' style
) (C:\Users\ASUS\AppData\Local\Programs\MiKTeX\tex/latex/tools\bm.sty
Package: bm 2025/10/21 v1.2g Bold Symbol Support (DPC/FMi)
\symboldoperators=\mathgroup6
\symboldletters=\mathgroup7
\symboldsymbols=\mathgroup8
Package bm Info: No bold for \OMX/cmex/m/n, using \pmb.
Package bm Info: No bold for \U/msa/m/n, using \pmb.
Package bm Info: No bold for \U/msb/m/n, using \pmb.
LaTeX Font Info:    Redeclaring math alphabet \mathbf on input line 149.
)
(C:\Users\ASUS\AppData\Local\Programs\MiKTeX\tex/latex/mathtools\mathtools.sty
Package: mathtools 2024/10/04 v1.31 mathematical typesetting tools

(C:\Users\ASUS\AppData\Local\Programs\MiKTeX\tex/latex/mathtools\mhsetup.sty
Package: mhsetup 2021/03/18 v1.4 programming setup (MH)
)
\g_MT_multlinerow_int=\count339
\l_MT_multwidth_dim=\dimen199
\origjot=\skip75
\l_MT_shortvdotswithinadjustabove_dim=\dimen256
\l_MT_shortvdotswithinadjustbelow_dim=\dimen257
\l_MT_above_intertext_sep=\dimen258
\l_MT_below_intertext_sep=\dimen259
\l_MT_above_shortintertext_sep=\dimen260
\l_MT_below_shortintertext_sep=\dimen261
\xmathstrut@box=\box65
\xmathstrut@dim=\dimen262
)
(C:\Users\ASUS\AppData\Local\Programs\MiKTeX\tex/latex/l3backend\l3backend-pdft
ex.def
File: l3backend-pdftex.def 2025-10-09 L3 backend support: PDF output (pdfTeX)
\l__color_backend_stack_int=\count340
) (main.aux)
\openout1 = `main.aux'.

LaTeX Font Info:    Checking defaults for OML/cmm/m/it on input line 92.
LaTeX Font Info:    ... okay on input line 92.
LaTeX Font Info:    Checking defaults for OMS/cmsy/m/n on input line 92.
LaTeX Font Info:    ... okay on input line 92.
LaTeX Font Info:    Checking defaults for OT1/cmr/m/n on input line 92.
LaTeX Font Info:    ... okay on input line 92.
LaTeX Font Info:    Checking defaults for T1/cmr/m/n on input line 92.
LaTeX Font Info:    ... okay on input line 92.
LaTeX Font Info:    Checking defaults for TS1/cmr/m/n on input line 92.
LaTeX Font Info:    ... okay on input line 92.
LaTeX Font Info:    Checking defaults for OMX/cmex/m/n on input line 92.
LaTeX Font Info:    ... okay on input line 92.
LaTeX Font Info:    Checking defaults for U/cmr/m/n on input line 92.
LaTeX Font Info:    ... okay on input line 92.
LaTeX Font Info:    Checking defaults for PD1/pdf/m/n on input line 92.
LaTeX Font Info:    ... okay on input line 92.
LaTeX Font Info:    Checking defaults for PU/pdf/m/n on input line 92.
LaTeX Font Info:    ... okay on input line 92.

*geometry* driver: auto-detecting
*geometry* detected driver: pdftex
*geometry* verbose mode - [ preamble ] result:
* driver: pdftex
* paper: letterpaper
* layout: <same size as paper>
* layoutoffset:(h,v)=(0.0pt,0.0pt)
* modes: 
* h-part:(L,W,R)=(92.14519pt, 430.00462pt, 92.14519pt)
* v-part:(T,H,B)=(95.39737pt, 556.47656pt, 143.09605pt)
* \paperwidth=614.295pt
* \paperheight=794.96999pt
* \textwidth=430.00462pt
* \textheight=556.47656pt
* \oddsidemargin=19.8752pt
* \evensidemargin=19.8752pt
* \topmargin=-13.87262pt
* \headheight=12.0pt
* \headsep=25.0pt
* \topskip=10.0pt
* \footskip=30.0pt
* \marginparwidth=65.0pt
* \marginparsep=11.0pt
* \columnsep=10.0pt
* \skip\footins=9.0pt plus 4.0pt minus 2.0pt
* \hoffset=0.0pt
* \voffset=0.0pt
* \mag=1000
* \@twocolumnfalse
* \@twosidefalse
* \@mparswitchfalse
* \@reversemarginfalse
* (1in=72.27pt=25.4mm, 1cm=28.453pt)

*geometry* verbose mode - [ newgeometry ] result:
* driver: pdftex
* paper: letterpaper
* layout: <same size as paper>
* layoutoffset:(h,v)=(0.0pt,0.0pt)
* modes: 
* h-part:(L,W,R)=(108.405pt, 397.48499pt, 108.40501pt)
* v-part:(T,H,B)=(72.26999pt, 650.43pt, 72.27pt)
* \paperwidth=614.295pt
* \paperheight=794.96999pt
* \textwidth=397.48499pt
* \textheight=650.43pt
* \oddsidemargin=36.13501pt
* \evensidemargin=36.13501pt
* \topmargin=-37.0pt
* \headheight=12.0pt
* \headsep=25.0pt
* \topskip=10.0pt
* \footskip=30.0pt
* \marginparwidth=65.0pt
* \marginparsep=11.0pt
* \columnsep=10.0pt
* \skip\footins=9.0pt plus 4.0pt minus 2.0pt
* \hoffset=0.0pt
* \voffset=0.0pt
* \mag=1000
* \@twocolumnfalse
* \@twosidefalse
* \@mparswitchfalse
* \@reversemarginfalse
* (1in=72.27pt=25.4mm, 1cm=28.453pt)


(C:\Users\ASUS\AppData\Local\Programs\MiKTeX\tex/context/base/mkii\supp-pdf.mki
i
[Loading MPS to PDF converter (version 2006.09.02).]
\scratchcounter=\count341
\scratchdimen=\dimen263
\scratchbox=\box66
\nofMPsegments=\count342
\nofMParguments=\count343
\everyMPshowfont=\toks32
\MPscratchCnt=\count344
\MPscratchDim=\dimen264
\MPnumerator=\count345
\makeMPintoPDFobject=\count346
\everyMPtoPDFconversion=\toks33
)
(C:\Users\ASUS\AppData\Local\Programs\MiKTeX\tex/latex/epstopdf-pkg\epstopdf-ba
se.sty
Package: epstopdf-base 2020-01-24 v2.11 Base part for package epstopdf
Package epstopdf-base Info: Redefining graphics rule for `.eps' on input line 4
85.

(C:\Users\ASUS\AppData\Local\Programs\MiKTeX\tex/latex/00miktex\epstopdf-sys.cf
g
File: epstopdf-sys.cfg 2021/03/18 v2.0 Configuration of epstopdf for MiKTeX
))
Package caption Info: Begin \AtBeginDocument code.
Package caption Info: hyperref package is loaded.
Package caption Info: End \AtBeginDocument code.
Package hyperref Info: Link coloring ON on input line 92.
 (main.out) (main.out)
\@outlinefile=\write3
\openout3 = `main.out'.

LaTeX Info: Redefining \microtypecontext on input line 92.
Package microtype Info: Applying patch `item' on input line 92.
Package microtype Info: Applying patch `toc' on input line 92.
Package microtype Info: Applying patch `eqnum' on input line 92.
Package microtype Info: Applying patch `footnote' on input line 92.
Package microtype Info: Applying patch `verbatim' on input line 92.
LaTeX Info: Redefining \microtypesetup on input line 92.
Package microtype Info: Generating PDF output.
Package microtype Info: Character protrusion enabled (level 2).
Package microtype Info: Using default protrusion set `alltext'.
Package microtype Info: Automatic font expansion enabled (level 2),
(microtype)             stretch: 20, shrink: 20, step: 1, non-selected.
Package microtype Info: Using default expansion set `alltext-nott'.
Package microtype Info: Patching command `\showhyphens'.
Package microtype Info: No adjustment of tracking.
Package microtype Info: No adjustment of interword spacing.
Package microtype Info: No adjustment of character kerning.

(C:\Users\ASUS\AppData\Local\Programs\MiKTeX\tex/latex/microtype\mt-ptm.cfg
File: mt-ptm.cfg 2006/04/20 v1.7 microtype config. file: Times (RS)
)
(C:\Users\ASUS\AppData\Local\Programs\MiKTeX\tex/latex/microtype\mt-cmr.cfg
File: mt-cmr.cfg 2013/05/19 v2.2 microtype config. file: Computer Modern Roman 
(RS)
)
LaTeX Font Info:    Trying to load font information for U+msa on input line 96.


(C:\Users\ASUS\AppData\Local\Programs\MiKTeX\tex/latex/amsfonts\umsa.fd
File: umsa.fd 2013/01/14 v3.01 AMS symbols A
)
(C:\Users\ASUS\AppData\Local\Programs\MiKTeX\tex/latex/microtype\mt-msa.cfg
File: mt-msa.cfg 2006/02/04 v1.1 microtype config. file: AMS symbols (a) (RS)
)
LaTeX Font Info:    Trying to load font information for U+msb on input line 96.


(C:\Users\ASUS\AppData\Local\Programs\MiKTeX\tex/latex/amsfonts\umsb.fd
File: umsb.fd 2013/01/14 v3.01 AMS symbols B
)
(C:\Users\ASUS\AppData\Local\Programs\MiKTeX\tex/latex/microtype\mt-msb.cfg
File: mt-msb.cfg 2005/06/01 v1.0 microtype config. file: AMS symbols (b) (RS)
)

LaTeX Warning: No \author given.

LaTeX Font Info:    Trying to load font information for TS1+ptm on input line 1
28.
(C:\Users\ASUS\AppData\Local\Programs\MiKTeX\tex/latex/psnfss\ts1ptm.fd
File: ts1ptm.fd 2001/06/04 font definitions for TS1/ptm.
)
Overfull \hbox (1.90002pt too wide) in paragraph at lines 97--149
 [] 
 []

Package microtype Info: Loading generic protrusion settings for font family
(microtype)             `cmtt' (encoding: T1).
(microtype)             For optimal results, create family-specific settings.
(microtype)             See the microtype manual for details.
(sections/00_Abstract.tex) (sections/01_Intro.tex (fig_text/teaser_text.tex

pdfTeX warning: pdflatex (file ./fig_pdf/teaser.pdf): PDF inclusion: found PDF 
version <1.7>, but at most version <1.5> allowed
<fig_pdf/teaser.pdf, id=104, 816.65097pt x 383.15146pt>
File: fig_pdf/teaser.pdf Graphic file (type pdf)
<use fig_pdf/teaser.pdf>
Package pdftex.def Info: fig_pdf/teaser.pdf  used on input line 4.
(pdftex.def)             Requested size: 377.60951pt x 177.1697pt.
) [1


{C:/Users/ASUS/AppData/Local/MiKTeX/fonts/map/pdftex/pdftex.map}{C:/Users/ASUS/
AppData/Local/Programs/MiKTeX/fonts/enc/dvips/base/8r.enc}])
(sections/02_Related.tex

Package natbib Warning: Citation `parmar2018image' on page 2 undefined on input
 line 5.


Package natbib Warning: Citation `child2019generating' on page 2 undefined on i
nput line 5.


Package natbib Warning: Citation `chang2022maskgit' on page 2 undefined on inpu
t line 5.


Package natbib Warning: Citation `ramachandran2019stand' on page 2 undefined on
 input line 5.


Package natbib Warning: Citation `cordonnier2019relationship' on page 2 undefin
ed on input line 5.


Package natbib Warning: Citation `dosovitskiy2020image' on page 2 undefined on 
input line 5.


Package natbib Warning: Citation `nauen2025transformer' on page 2 undefined on 
input line 5.


Package natbib Warning: Citation `vaswani2021scaling' on page 2 undefined on in
put line 5.


Package natbib Warning: Citation `tolstikhin2021mlp' on page 2 undefined on inp
ut line 5.


Package natbib Warning: Citation `bello2021lambdanetworks' on page 2 undefined 
on input line 5.


Package natbib Warning: Citation `tay2021synthesizer' on page 2 undefined on in
put line 5.


Package natbib Warning: Citation `touvron2021going' on page 2 undefined on inpu
t line 5.


Package natbib Warning: Citation `pmlr-v139-touvron21a' on page 2 undefined on 
input line 5.


Package natbib Warning: Citation `tay2020sparse' on page 2 undefined on input l
ine 5.


Package natbib Warning: Citation `choromanski2020rethinking' on page 2 undefine
d on input line 5.


Package natbib Warning: Citation `liu2021swin' on page 2 undefined on input lin
e 5.


Package natbib Warning: Citation `ali2021xcit' on page 2 undefined on input lin
e 5.


Package natbib Warning: Citation `roy2021efficient' on page 2 undefined on inpu
t line 5.


Package natbib Warning: Citation `zhou2021informer' on page 2 undefined on inpu
t line 5.


Package natbib Warning: Citation `yin2022vit' on page 2 undefined on input line
 5.


Package natbib Warning: Citation `yao2022wave' on page 2 undefined on input lin
e 5.


Package natbib Warning: Citation `liang2022not' on page 2 undefined on input li
ne 5.


Package natbib Warning: Citation `wu2021cvt' on page 2 undefined on input line 
5.


Package natbib Warning: Citation `yuan2021tokens' on page 2 undefined on input 
line 5.


Package natbib Warning: Citation `chen2021visformer' on page 2 undefined on inp
ut line 5.


Package natbib Warning: Citation `chen2021crossvit' on page 2 undefined on inpu
t line 5.


Package natbib Warning: Citation `gehring2017convolutional' on page 2 undefined
 on input line 5.


Package natbib Warning: Citation `su2024roformer' on page 2 undefined on input 
line 5.


Package natbib Warning: Citation `fang2024eva' on page 2 undefined on input lin
e 5.


Package natbib Warning: Citation `liu2021swin' on page 2 undefined on input lin
e 5.


Package natbib Warning: Citation `lu2024fit' on page 2 undefined on input line 
5.


Package natbib Warning: Citation `lu2024unified' on page 2 undefined on input l
ine 5.


Package natbib Warning: Citation `kim2023region' on page 2 undefined on input l
ine 5.


Package natbib Warning: Citation `yang2024denoising' on page 2 undefined on inp
ut line 5.


Underfull \vbox (badness 10000) has occurred while \output is active []

 [2 <./fig_pdf/teaser.pdf>] (fig_text/arch_text.tex

pdfTeX warning: pdflatex (file ./fig_pdf/arch.pdf): PDF inclusion: found PDF ve
rsion <1.7>, but at most version <1.5> allowed
<fig_pdf/arch.pdf, id=205, 852.78598pt x 433.62pt>
File: fig_pdf/arch.pdf Graphic file (type pdf)
<use fig_pdf/arch.pdf>
Package pdftex.def Info: fig_pdf/arch.pdf  used on input line 3.
(pdftex.def)             Requested size: 397.48499pt x 202.1076pt.
)

Package natbib Warning: Citation `Radford2021LearningTV' on page 3 undefined on
 input line 11.


Package natbib Warning: Citation `yu2022coca' on page 3 undefined on input line
 11.


Package natbib Warning: Citation `caron2021emerging' on page 3 undefined on inp
ut line 11.


Package natbib Warning: Citation `chen2021mocov3' on page 3 undefined on input 
line 11.


Package natbib Warning: Citation `li2021esvit' on page 3 undefined on input lin
e 11.


Package natbib Warning: Citation `trinh2019selfieselfsupervisedpretrainingimage
' on page 3 undefined on input line 11.


Package natbib Warning: Citation `pmlr-v119-chen20s' on page 3 undefined on inp
ut line 11.


Package natbib Warning: Citation `xie2021simmim' on page 3 undefined on input l
ine 11.


Package natbib Warning: Citation `MaskedAutoencoders2021' on page 3 undefined o
n input line 11.


Package natbib Warning: Citation `zhou2021ibot' on page 3 undefined on input li
ne 11.


Package natbib Warning: Citation `bao2022beit' on page 3 undefined on input lin
e 11.


Package natbib Warning: Citation `assran2023self' on page 3 undefined on input 
line 11.


Package natbib Warning: Citation `oquab2023dinov2' on page 3 undefined on input
 line 11.


Package natbib Warning: Citation `zhou2022extract' on page 3 undefined on input
 line 11.


Package natbib Warning: Citation `amir2021deep' on page 3 undefined on input li
ne 11.


Package natbib Warning: Citation `Ranzinger_2024_CVPR' on page 3 undefined on i
nput line 11.


Package natbib Warning: Citation `oquab2023dinov2' on page 3 undefined on input
 line 13.


Package natbib Warning: Citation `darcet2023vision' on page 3 undefined on inpu
t line 13.


Package natbib Warning: Citation `burtsev2020memory' on page 3 undefined on inp
ut line 13.


Package natbib Warning: Citation `xiao2023efficient' on page 3 undefined on inp
ut line 13.


Package natbib Warning: Citation `jiang2025vision' on page 3 undefined on input
 line 13.


Package natbib Warning: Citation `darcet2023vision' on page 3 undefined on inpu
t line 13.


Package natbib Warning: Citation `wang2024sinder' on page 3 undefined on input 
line 13.


Package natbib Warning: Citation `lappe2025registerclstokensyield' on page 3 un
defined on input line 13.


Package natbib Warning: Citation `yang2024denoising' on page 3 undefined on inp
ut line 13.


Package natbib Warning: Citation `darcet2023vision' on page 3 undefined on inpu
t line 13.


Package natbib Warning: Citation `wang2024sinder' on page 3 undefined on input 
line 13.


Package natbib Warning: Citation `yang2024denoising' on page 3 undefined on inp
ut line 13.


Package natbib Warning: Citation `yang2023emernerf' on page 3 undefined on inpu
t line 13.


Package natbib Warning: Citation `luo2024brain' on page 3 undefined on input li
ne 13.


Package natbib Warning: Citation `zhou2022extract' on page 3 undefined on input
 line 13.


Package natbib Warning: Citation `LI2025111409' on page 3 undefined on input li
ne 13.


Package natbib Warning: Citation `wang2024scliprethinkingselfattentiondense' on
 page 3 undefined on input line 13.


Package natbib Warning: Citation `bousselham2023groundingeverythingemergingloca
lization' on page 3 undefined on input line 13.


Package natbib Warning: Citation `lan2024clearclip' on page 3 undefined on inpu
t line 13.


Package natbib Warning: Citation `hajimiri2025naclip' on page 3 undefined on in
put line 13.

) (sections/03_Methods.tex [3 <./fig_pdf/arch.pdf>] (fig_text/denoise_text.tex

pdfTeX warning: pdflatex (file ./fig_pdf/denoise.pdf): PDF inclusion: found PDF
 version <1.7>, but at most version <1.5> allowed
<fig_pdf/denoise.pdf, id=321, 823.87799pt x 209.58301pt>
File: fig_pdf/denoise.pdf Graphic file (type pdf)
<use fig_pdf/denoise.pdf>
Package pdftex.def Info: fig_pdf/denoise.pdf  used on input line 4.
(pdftex.def)             Requested size: 397.48499pt x 101.11357pt.
)
Package hyperref Info: bookmark level for unknown algorithm defaults to 0 on in
put line 17.
 (fig_text/similarityfinal_text.tex

pdfTeX warning: pdflatex (file ./fig_pdf/similarityfinal.pdf): PDF inclusion: f
ound PDF version <1.7>, but at most version <1.5> allowed
<fig_pdf/similarityfinal.pdf, id=323, 888.92097pt x 383.031pt>
File: fig_pdf/similarityfinal.pdf Graphic file (type pdf)
<use fig_pdf/similarityfinal.pdf>
Package pdftex.def Info: fig_pdf/similarityfinal.pdf  used on input line 4.
(pdftex.def)             Requested size: 397.48499pt x 171.27525pt.
)

Package natbib Warning: Citation `yang2024denoising' on page 4 undefined on inp
ut line 48.

[4
pdfTeX warning (ext4): destination with the same identifier (name{figure.captio
n.8}) has been already used, duplicate ignored
<argument> ...shipout:D \box_use:N \l_shipout_box 
                                                  \__shipout_drop_firstpage_...
l.49 
      <./fig_pdf/denoise.pdf>]

Package natbib Warning: Citation `darcet2023vision' on page 5 undefined on inpu
t line 55.

) (sections/04_Experiments.tex (table_text/zero_shot_seg.tex

Package natbib Warning: Citation `Radford2021LearningTV' on page 5 undefined on
 input line 21.


Package natbib Warning: Citation `zhou2022extract' on page 5 undefined on input
 line 21.


Package natbib Warning: Citation `wang2024scliprethinkingselfattentiondense' on
 page 5 undefined on input line 21.


Package natbib Warning: Citation `lan2024clearclip' on page 5 undefined on inpu
t line 21.


Package natbib Warning: Citation `hajimiri2025naclip' on page 5 undefined on in
put line 21.


Package natbib Warning: Citation `zhou2022extract' on page 5 undefined on input
 line 21.


Package natbib Warning: Citation `yang2024denoising' on page 5 undefined on inp
ut line 21.


Package natbib Warning: Citation `hajimiri2025naclip' on page 5 undefined on in
put line 21.


Package natbib Warning: Citation `yang2024denoising' on page 5 undefined on inp
ut line 21.

)

Package natbib Warning: Citation `wang2024scliprethinkingselfattentiondense' on
 page 5 undefined on input line 15.


Package natbib Warning: Citation `hajimiri2025naclip' on page 5 undefined on in
put line 15.


Package natbib Warning: Citation `lan2024clearclip' on page 5 undefined on inpu
t line 15.


Package natbib Warning: Citation `everingham2015pascal' on page 5 undefined on 
input line 15.


Package natbib Warning: Citation `context' on page 5 undefined on input line 15
.


Package natbib Warning: Citation `cocoobjects' on page 5 undefined on input lin
e 15.


Package natbib Warning: Citation `caesar2018coco' on page 5 undefined on input 
line 15.


Package natbib Warning: Citation `cordts2016cityscapes' on page 5 undefined on 
input line 15.


Package natbib Warning: Citation `ade20k' on page 5 undefined on input line 15.


[5 <./fig_pdf/similarityfinal.pdf>]

Package natbib Warning: Citation `zhou2022extract' on page 6 undefined on input
 line 18.


Package natbib Warning: Citation `wang2024scliprethinkingselfattentiondense' on
 page 6 undefined on input line 18.


Package natbib Warning: Citation `lan2024clearclip' on page 6 undefined on inpu
t line 18.


Package natbib Warning: Citation `hajimiri2025naclip' on page 6 undefined on in
put line 18.


Package natbib Warning: Citation `wang2024scliprethinkingselfattentiondense' on
 page 6 undefined on input line 19.


Package natbib Warning: Citation `hajimiri2025naclip' on page 6 undefined on in
put line 19.


Package natbib Warning: Citation `everingham2015pascal' on page 6 undefined on 
input line 33.


Package natbib Warning: Citation `ade20k' on page 6 undefined on input line 33.



Package natbib Warning: Citation `silberman2012nyu' on page 6 undefined on inpu
t line 33.


Package natbib Warning: Citation `yang2024denoising' on page 6 undefined on inp
ut line 34.


Package natbib Warning: Citation `yang2024denoising' on page 6 undefined on inp
ut line 35.


Underfull \vbox (badness 10000) has occurred while \output is active []

 [6]
(table_text/linear_probe.tex

Package natbib Warning: Citation `Radford2021LearningTV' on page 7 undefined on
 input line 31.


Package natbib Warning: Citation `Radford2021LearningTV' on page 7 undefined on
 input line 31.


Package natbib Warning: Citation `yang2024denoising' on page 7 undefined on inp
ut line 31.


Package natbib Warning: Citation `hajimiri2025naclip' on page 7 undefined on in
put line 31.


Package natbib Warning: Citation `hajimiri2025naclip' on page 7 undefined on in
put line 31.


Package natbib Warning: Citation `yang2024denoising' on page 7 undefined on inp
ut line 31.


Package natbib Warning: Citation `zhou2022extract' on page 7 undefined on input
 line 31.


Package natbib Warning: Citation `zhou2022extract' on page 7 undefined on input
 line 31.


Package natbib Warning: Citation `yang2024denoising' on page 7 undefined on inp
ut line 31.


Package natbib Warning: Citation `ilharco_gabriel_2021_5143773' on page 7 undef
ined on input line 31.


Package natbib Warning: Citation `ilharco_gabriel_2021_5143773' on page 7 undef
ined on input line 31.


Package natbib Warning: Citation `yang2024denoising' on page 7 undefined on inp
ut line 31.


Package natbib Warning: Citation `fang2023data' on page 7 undefined on input li
ne 31.


Package natbib Warning: Citation `fang2023data' on page 7 undefined on input li
ne 31.


Package natbib Warning: Citation `yang2024denoising' on page 7 undefined on inp
ut line 31.


Package natbib Warning: Citation `oquab2023dinov2' on page 7 undefined on input
 line 31.


Package natbib Warning: Citation `oquab2023dinov2' on page 7 undefined on input
 line 31.


Package natbib Warning: Citation `yang2024denoising' on page 7 undefined on inp
ut line 31.

)

Package natbib Warning: Citation `oquab2023dinov2' on page 7 undefined on input
 line 46.


Package natbib Warning: Citation `yang2024denoising' on page 7 undefined on inp
ut line 46.


Package natbib Warning: Citation `Bhat2021adabins' on page 7 undefined on input
 line 46.


Package natbib Warning: Citation `yang2024denoising' on page 7 undefined on inp
ut line 47.

(fig_text/ablation_combined.tex

pdfTeX warning: pdflatex (file ./fig_pdf/ablation_reg_layers_123_cropped.pdf): 
PDF inclusion: found PDF version <1.7>, but at most version <1.5> allowed
<fig_pdf/ablation_reg_layers_123_cropped.pdf, id=473, 850.64798pt x 402.76474pt
>
File: fig_pdf/ablation_reg_layers_123_cropped.pdf Graphic file (type pdf)
<use fig_pdf/ablation_reg_layers_123_cropped.pdf>
Package pdftex.def Info: fig_pdf/ablation_reg_layers_123_cropped.pdf  used on i
nput line 5.
(pdftex.def)             Requested size: 225.93018pt x 106.97182pt.


pdfTeX warning: pdflatex (file ./fig_pdf/num_augmentation.pdf): PDF inclusion: 
found PDF version <1.7>, but at most version <1.5> allowed
<fig_pdf/num_augmentation.pdf, id=474, 547.30473pt x 372.85297pt>
File: fig_pdf/num_augmentation.pdf Graphic file (type pdf)
<use fig_pdf/num_augmentation.pdf>
Package pdftex.def Info: fig_pdf/num_augmentation.pdf  used on input line 12.
(pdftex.def)             Requested size: 148.02466pt x 100.84232pt.
)
Underfull \vbox (badness 10000) has occurred while \output is active []

 [7]
(fig_text/norm_text.tex

pdfTeX warning: pdflatex (file ./fig_pdf/norm.pdf): PDF inclusion: found PDF ve
rsion <1.7>, but at most version <1.5> allowed
<fig_pdf/norm.pdf, id=481, 664.88402pt x 433.62pt>
File: fig_pdf/norm.pdf Graphic file (type pdf)
<use fig_pdf/norm.pdf>
Package pdftex.def Info: fig_pdf/norm.pdf  used on input line 3.
(pdftex.def)             Requested size: 317.9892pt x 207.38095pt.
)

Package natbib Warning: Citation `chen2015microsoft' on page 8 undefined on inp
ut line 57.


Package natbib Warning: Citation `wang2024sinder' on page 8 undefined on input 
line 65.


Package natbib Warning: Citation `yang2024denoising' on page 8 undefined on inp
ut line 65.

[8 <./fig_pdf/ablation_reg_layers_123_cropped.pdf> <./fig_pdf/num_augmentation.
pdf

pdfTeX warning: pdflatex (file ./fig_pdf/num_augmentation.pdf): PDF inclusion: 
multiple pdfs with page group included in a single page
>] (table_text/distillation_approaches.tex) (table_text/shift_ratio.tex)

Package natbib Warning: Citation `darcet2023vision' on page 9 undefined on inpu
t line 81.

) (sections/05_Conclusion.tex
Underfull \vbox (badness 10000) has occurred while \output is active []

 [9 <./fig_pdf/norm.pdf>] (fig_text/visualization_norm.tex

pdfTeX warning: pdflatex (file ./fig_pdf/visualization_norm_cropped.pdf): PDF i
nclusion: found PDF version <1.7>, but at most version <1.5> allowed
<fig_pdf/visualization_norm_cropped.pdf, id=584, 913.25192pt x 272.03632pt>
File: fig_pdf/visualization_norm_cropped.pdf Graphic file (type pdf)
<use fig_pdf/visualization_norm_cropped.pdf>
Package pdftex.def Info: fig_pdf/visualization_norm_cropped.pdf  used on input 
line 3.
(pdftex.def)             Requested size: 337.86465pt x 100.64355pt.
)) [10 <./fig_pdf/visualization_norm_cropped.pdf>] (main.bbl [11

] [12] [13]
[14]) [15] (supp_single.tex [16

] (supp_sections/distillation_details2.tex
[17]) [18] (supp_sections/evaluation_details.tex) (supp_sections/efficiency.tex
(table_text/training_time.tex) [19

] (table_text/inference.tex)) [20]

pdfTeX warning: pdflatex (file ./fig_pdf/ade20k.pdf): PDF inclusion: found PDF 
version <1.7>, but at most version <1.5> allowed
<fig_pdf/ade20k.pdf, id=761, 1707.13786pt x 1707.13786pt>
File: fig_pdf/ade20k.pdf Graphic file (type pdf)
<use fig_pdf/ade20k.pdf>
Package pdftex.def Info: fig_pdf/ade20k.pdf  used on input line 39.
(pdftex.def)             Requested size: 377.60951pt x 273.2535pt.


pdfTeX warning: pdflatex (file ./fig_pdf/context59.pdf): PDF inclusion: found P
DF version <1.7>, but at most version <1.5> allowed
<fig_pdf/context59.pdf, id=763, 1707.13786pt x 1707.13786pt>
File: fig_pdf/context59.pdf Graphic file (type pdf)
<use fig_pdf/context59.pdf>
Package pdftex.def Info: fig_pdf/context59.pdf  used on input line 48.
(pdftex.def)             Requested size: 377.60951pt x 246.61098pt.
[21

 <./fig_pdf/ade20k.pdf> <./fig_pdf/context59.pdf>]

pdfTeX warning: pdflatex (file ./fig_pdf/object.pdf): PDF inclusion: found PDF 
version <1.7>, but at most version <1.5> allowed
<fig_pdf/object.pdf, id=879, 1707.13786pt x 1707.13786pt>
File: fig_pdf/object.pdf Graphic file (type pdf)
<use fig_pdf/object.pdf>
Package pdftex.def Info: fig_pdf/object.pdf  used on input line 59.
(pdftex.def)             Requested size: 377.60951pt x 166.68347pt.
[22 <./fig_pdf/object.pdf>]

pdfTeX warning: pdflatex (file ./fig_pdf/sim1_1.pdf): PDF inclusion: found PDF 
version <1.7>, but at most version <1.5> allowed
<fig_pdf/sim1_1.pdf, id=936, 527.57097pt x 397.485pt>
File: fig_pdf/sim1_1.pdf Graphic file (type pdf)
<use fig_pdf/sim1_1.pdf>
Package pdftex.def Info: fig_pdf/sim1_1.pdf  used on input line 71.
(pdftex.def)             Requested size: 337.86465pt x 254.55328pt.


pdfTeX warning: pdflatex (file ./fig_pdf/sim1_2.pdf): PDF inclusion: found PDF 
version <1.7>, but at most version <1.5> allowed
<fig_pdf/sim1_2.pdf, id=937, 527.57097pt x 397.485pt>
File: fig_pdf/sim1_2.pdf Graphic file (type pdf)
<use fig_pdf/sim1_2.pdf>
Package pdftex.def Info: fig_pdf/sim1_2.pdf  used on input line 81.
(pdftex.def)             Requested size: 337.86465pt x 254.55328pt.
[23

 <./fig_pdf/sim1_1.pdf> <./fig_pdf/sim1_2.pdf

pdfTeX warning: pdflatex (file ./fig_pdf/sim1_2.pdf): PDF inclusion: multiple p
dfs with page group included in a single page
>]

pdfTeX warning: pdflatex (file ./fig_pdf/sim2_1.pdf): PDF inclusion: found PDF 
version <1.7>, but at most version <1.5> allowed
<fig_pdf/sim2_1.pdf, id=1029, 527.57097pt x 397.485pt>
File: fig_pdf/sim2_1.pdf Graphic file (type pdf)
<use fig_pdf/sim2_1.pdf>
Package pdftex.def Info: fig_pdf/sim2_1.pdf  used on input line 91.
(pdftex.def)             Requested size: 337.86465pt x 254.55328pt.


pdfTeX warning: pdflatex (file ./fig_pdf/sim2_2.pdf): PDF inclusion: found PDF 
version <1.7>, but at most version <1.5> allowed
<fig_pdf/sim2_2.pdf, id=1030, 527.57097pt x 397.485pt>
File: fig_pdf/sim2_2.pdf Graphic file (type pdf)
<use fig_pdf/sim2_2.pdf>
Package pdftex.def Info: fig_pdf/sim2_2.pdf  used on input line 101.
(pdftex.def)             Requested size: 337.86465pt x 254.55328pt.
[24

 <./fig_pdf/sim2_1.pdf> <./fig_pdf/sim2_2.pdf

pdfTeX warning: pdflatex (file ./fig_pdf/sim2_2.pdf): PDF inclusion: multiple p
dfs with page group included in a single page
>])

Package natbib Warning: There were undefined citations.

[25

] (main.aux

Package natbib Warning: Citation(s) may have changed.
(natbib)                Rerun to get citations correct.

)
 ***********
LaTeX2e <2025-11-01>
L3 programming layer <2025-12-24>
 ***********


LaTeX Warning: Label(s) may have changed. Rerun to get cross-references right.

Package rerunfilecheck Info: File `main.out' has not changed.
(rerunfilecheck)             Checksum: 5CB29E95CFB4A523B3265371037E0CE9;5902.
 ) 
Here is how much of TeX's memory you used:
 17949 strings out of 467871
 295028 string characters out of 5418861
 745812 words of memory out of 5000000
 45918 multiletter control sequences out of 15000+600000
 693085 words of font info for 357 fonts, out of 8000000 for 9000
 1141 hyphenation exceptions out of 8191
 75i,12n,79p,2230b,704s stack positions out of 10000i,1000n,20000p,200000b,200000s

pdfTeX warning (dest): name{table.caption.19} has been referenced but does not 
exist, replaced by a fixed one


pdfTeX warning (dest): name{https://github.com/0raiser0/PH-Reg.git} has been re
ferenced but does not exist, replaced by a fixed one

 <C:\Users\ASUS\AppData\Local\MiKTeX\fonts/pk/ljfour/jknappen/ec/dpi600\ectt100
0.pk> <C:\Users\ASUS\AppData\Local\MiKTeX\fonts/pk/ljfour/jknappen/ec/dpi600\ec
tt0900.pk><C:/Users/ASUS/AppData/Local/Programs/MiKTeX/fonts/type1/public/amsfo
nts/cm/cmex10.pfb><C:/Users/ASUS/AppData/Local/Programs/MiKTeX/fonts/type1/publ
ic/amsfonts/cm/cmmi10.pfb><C:/Users/ASUS/AppData/Local/Programs/MiKTeX/fonts/ty
pe1/public/amsfonts/cm/cmmi7.pfb><C:/Users/ASUS/AppData/Local/Programs/MiKTeX/f
onts/type1/public/amsfonts/cm/cmr10.pfb><C:/Users/ASUS/AppData/Local/Programs/M
iKTeX/fonts/type1/public/amsfonts/cm/cmr7.pfb><C:/Users/ASUS/AppData/Local/Prog
rams/MiKTeX/fonts/type1/public/amsfonts/cm/cmsy10.pfb><C:/Users/ASUS/AppData/Lo
cal/Programs/MiKTeX/fonts/type1/public/amsfonts/cm/cmsy7.pfb><C:/Users/ASUS/App
Data/Local/Programs/MiKTeX/fonts/type1/public/amsfonts/symbols/msbm10.pfb><C:/U
sers/ASUS/AppData/Local/Programs/MiKTeX/fonts/type1/urw/times/utmb8a.pfb><C:/Us
ers/ASUS/AppData/Local/Programs/MiKTeX/fonts/type1/urw/times/utmr8a.pfb><C:/Use
rs/ASUS/AppData/Local/Programs/MiKTeX/fonts/type1/urw/times/utmri8a.pfb>
Output written on main.pdf (25 pages, 8754985 bytes).
PDF statistics:
 1289 PDF objects out of 1440 (max. 8388607)
 170 named destinations out of 1000 (max. 500000)
 64806 words of extra memory for PDF output out of 74296 (max. 10000000)

